<?xml version="1.0"?>
<link_info>
   <banner>TI ARM Linker PC v5.2.2</banner>
   <copyright>Copyright (c) 1996-2015 Texas Instruments Incorporated</copyright>
   <link_time>0x55c0b101</link_time>
   <link_errors>0x0</link_errors>
   <output_file>PRU_Demo.out</output_file>
   <entry_point>
      <name>Entry</name>
      <address>0x80000000</address>
   </entry_point>
   <input_file_list>
      <input_file id="fl-2">
         <path>C:\Share\pru-software-support-package\pru_cape\pru_fw\PRU_Hardware_UART\Debug\</path>
         <kind>object</kind>
         <file>PRU_Hardware_UART_image.obj</file>
         <name>PRU_Hardware_UART_image.obj</name>
      </input_file>
      <input_file id="fl-3">
         <path>C:\Share\pru-software-support-package\pru_cape\pru_fw\PRU_LED0\Debug\</path>
         <kind>object</kind>
         <file>PRU_LED0_image.obj</file>
         <name>PRU_LED0_image.obj</name>
      </input_file>
      <input_file id="fl-4">
         <path>C:\Share\pru-software-support-package\pru_cape\pru_fw\PRU_LED1\Debug\</path>
         <kind>object</kind>
         <file>PRU_LED1_image.obj</file>
         <name>PRU_LED1_image.obj</name>
      </input_file>
      <input_file id="fl-5">
         <path>.\</path>
         <kind>object</kind>
         <file>pru.obj</file>
         <name>pru.obj</name>
      </input_file>
      <input_file id="fl-6">
         <path>.\</path>
         <kind>object</kind>
         <file>pru_cape_demo.obj</file>
         <name>pru_cape_demo.obj</name>
      </input_file>
      <input_file id="fl-10">
         <path>C:\Share\starterwarefree-code\binary\armv7a\cgt_ccs\am335x\system_config\Debug\</path>
         <kind>archive</kind>
         <file>system.lib</file>
         <name>init.obj</name>
      </input_file>
      <input_file id="fl-11">
         <path>C:\Share\starterwarefree-code\binary\armv7a\cgt_ccs\am335x\system_config\Debug\</path>
         <kind>archive</kind>
         <file>system.lib</file>
         <name>startup.obj</name>
      </input_file>
      <input_file id="fl-12">
         <path>C:\Share\starterwarefree-code\binary\armv7a\cgt_ccs\am335x\system_config\Debug\</path>
         <kind>archive</kind>
         <file>system.lib</file>
         <name>cp15.obj</name>
      </input_file>
      <input_file id="fl-13">
         <path>C:\Share\starterwarefree-code\binary\armv7a\cgt_ccs\am335x\system_config\Debug\</path>
         <kind>archive</kind>
         <file>system.lib</file>
         <name>exceptionhandler.obj</name>
      </input_file>
      <input_file id="fl-14">
         <path>C:\Share\starterwarefree-code\binary\armv7a\cgt_ccs\am335x\system_config\Debug\</path>
         <kind>archive</kind>
         <file>system.lib</file>
         <name>interrupt.obj</name>
      </input_file>
      <input_file id="fl-15">
         <path>C:\Share\starterwarefree-code\binary\armv7a\cgt_ccs\am335x\system_config\Debug\</path>
         <kind>archive</kind>
         <file>system.lib</file>
         <name>cpu.obj</name>
      </input_file>
      <input_file id="fl-16">
         <path>C:\Share\starterwarefree-code\binary\armv7a\cgt_ccs\utils\Debug\</path>
         <kind>archive</kind>
         <file>utils.lib</file>
         <name>consoleUtils.obj</name>
      </input_file>
      <input_file id="fl-17">
         <path>C:\Share\starterwarefree-code\binary\armv7a\cgt_ccs\utils\Debug\</path>
         <kind>archive</kind>
         <file>utils.lib</file>
         <name>uartStdio.obj</name>
      </input_file>
      <input_file id="fl-18">
         <path>C:\Share\starterwarefree-code\binary\armv7a\cgt_ccs\utils\Debug\</path>
         <kind>archive</kind>
         <file>utils.lib</file>
         <name>ascii.obj</name>
      </input_file>
      <input_file id="fl-19">
         <path>C:\ti\ccsv6\tools\compiler\ti-cgt-arm_5.2.2\lib\</path>
         <kind>archive</kind>
         <file>rtsv7A8_A_le_v3_eabi.lib</file>
         <name>autoinit.obj</name>
      </input_file>
      <input_file id="fl-1a">
         <path>C:\ti\ccsv6\tools\compiler\ti-cgt-arm_5.2.2\lib\</path>
         <kind>archive</kind>
         <file>rtsv7A8_A_le_v3_eabi.lib</file>
         <name>boot.obj</name>
      </input_file>
      <input_file id="fl-1b">
         <path>C:\ti\ccsv6\tools\compiler\ti-cgt-arm_5.2.2\lib\</path>
         <kind>archive</kind>
         <file>rtsv7A8_A_le_v3_eabi.lib</file>
         <name>copy_decompress_none.obj</name>
      </input_file>
      <input_file id="fl-1c">
         <path>C:\ti\ccsv6\tools\compiler\ti-cgt-arm_5.2.2\lib\</path>
         <kind>archive</kind>
         <file>rtsv7A8_A_le_v3_eabi.lib</file>
         <name>copy_decompress_rle.obj</name>
      </input_file>
      <input_file id="fl-1d">
         <path>C:\ti\ccsv6\tools\compiler\ti-cgt-arm_5.2.2\lib\</path>
         <kind>archive</kind>
         <file>rtsv7A8_A_le_v3_eabi.lib</file>
         <name>copy_zero_init.obj</name>
      </input_file>
      <input_file id="fl-1e">
         <path>C:\ti\ccsv6\tools\compiler\ti-cgt-arm_5.2.2\lib\</path>
         <kind>archive</kind>
         <file>rtsv7A8_A_le_v3_eabi.lib</file>
         <name>cpy_tbl.obj</name>
      </input_file>
      <input_file id="fl-1f">
         <path>C:\ti\ccsv6\tools\compiler\ti-cgt-arm_5.2.2\lib\</path>
         <kind>archive</kind>
         <file>rtsv7A8_A_le_v3_eabi.lib</file>
         <name>exit.obj</name>
      </input_file>
      <input_file id="fl-20">
         <path>C:\ti\ccsv6\tools\compiler\ti-cgt-arm_5.2.2\lib\</path>
         <kind>archive</kind>
         <file>rtsv7A8_A_le_v3_eabi.lib</file>
         <name>memcpy32.obj</name>
      </input_file>
      <input_file id="fl-21">
         <path>C:\ti\ccsv6\tools\compiler\ti-cgt-arm_5.2.2\lib\</path>
         <kind>archive</kind>
         <file>rtsv7A8_A_le_v3_eabi.lib</file>
         <name>memset32.obj</name>
      </input_file>
      <input_file id="fl-22">
         <path>C:\ti\ccsv6\tools\compiler\ti-cgt-arm_5.2.2\lib\</path>
         <kind>archive</kind>
         <file>rtsv7A8_A_le_v3_eabi.lib</file>
         <name>pre_init.obj</name>
      </input_file>
      <input_file id="fl-23">
         <path>C:\ti\ccsv6\tools\compiler\ti-cgt-arm_5.2.2\lib\</path>
         <kind>archive</kind>
         <file>rtsv7A8_A_le_v3_eabi.lib</file>
         <name>stkdepth_vars.obj</name>
      </input_file>
      <input_file id="fl-24">
         <path>C:\ti\ccsv6\tools\compiler\ti-cgt-arm_5.2.2\lib\</path>
         <kind>archive</kind>
         <file>rtsv7A8_A_le_v3_eabi.lib</file>
         <name>u_div32.obj</name>
      </input_file>
      <input_file id="fl-25">
         <path>C:\ti\ccsv6\tools\compiler\ti-cgt-arm_5.2.2\lib\</path>
         <kind>archive</kind>
         <file>rtsv7A8_A_le_v3_eabi.lib</file>
         <name>_lock.obj</name>
      </input_file>
      <input_file id="fl-26">
         <path>C:\ti\ccsv6\tools\compiler\ti-cgt-arm_5.2.2\lib\</path>
         <kind>archive</kind>
         <file>rtsv7A8_A_le_v3_eabi.lib</file>
         <name>args_main.obj</name>
      </input_file>
      <input_file id="fl-27">
         <path>C:\Share\starterwarefree-code\binary\armv7a\cgt_ccs\am335x\beaglebone\platform\Debug\</path>
         <kind>archive</kind>
         <file>platform.lib</file>
         <name>uartConsole.obj</name>
      </input_file>
      <input_file id="fl-28">
         <path>C:\Share\starterwarefree-code\binary\armv7a\cgt_ccs\am335x\beaglebone\platform\Debug\</path>
         <kind>archive</kind>
         <file>platform.lib</file>
         <name>uart.obj</name>
      </input_file>
      <input_file id="fl-29">
         <path>C:\Share\starterwarefree-code\binary\armv7a\cgt_ccs\am335x\drivers\Debug\</path>
         <kind>archive</kind>
         <file>drivers.lib</file>
         <name>uart_irda_cir.obj</name>
      </input_file>
   </input_file_list>
   <object_component_list>
      <object_component id="oc-19">
         <name>.text:Entry</name>
         <load_address>0x80000000</load_address>
         <run_address>0x80000000</run_address>
         <size>0xc8</size>
         <input_file_ref idref="fl-10"/>
      </object_component>
      <object_component id="oc-1b1">
         <name>.tramp.__TI_auto_init.1</name>
         <load_address>0x800000c8</load_address>
         <run_address>0x800000c8</run_address>
         <size>0x8</size>
         <input_file_ref idref="fl-19"/>
      </object_component>
      <object_component id="oc-42">
         <name>.text</name>
         <load_address>0x800000d0</load_address>
         <run_address>0x800000d0</run_address>
         <size>0x0</size>
         <input_file_ref idref="fl-10"/>
      </object_component>
      <object_component id="oc-8c">
         <name>.text</name>
         <load_address>0x800000d0</load_address>
         <run_address>0x800000d0</run_address>
         <size>0x0</size>
         <input_file_ref idref="fl-1b"/>
      </object_component>
      <object_component id="oc-99">
         <name>.text</name>
         <load_address>0x800000d0</load_address>
         <run_address>0x800000d0</run_address>
         <size>0x0</size>
         <input_file_ref idref="fl-1d"/>
      </object_component>
      <object_component id="oc-b9">
         <name>.text</name>
         <load_address>0x800000d0</load_address>
         <run_address>0x800000d0</run_address>
         <size>0x0</size>
         <input_file_ref idref="fl-23"/>
      </object_component>
      <object_component id="oc-dd">
         <name>.text</name>
         <load_address>0x800000d0</load_address>
         <run_address>0x800000d0</run_address>
         <size>0x1d10</size>
         <input_file_ref idref="fl-29"/>
      </object_component>
      <object_component id="oc-6f">
         <name>.text</name>
         <load_address>0x80001de0</load_address>
         <run_address>0x80001de0</run_address>
         <size>0x19f8</size>
         <input_file_ref idref="fl-17"/>
      </object_component>
      <object_component id="oc-3c">
         <name>.text</name>
         <load_address>0x800037d8</load_address>
         <run_address>0x800037d8</run_address>
         <size>0x7e4</size>
         <input_file_ref idref="fl-6"/>
      </object_component>
      <object_component id="oc-79">
         <name>.text</name>
         <load_address>0x80003fbc</load_address>
         <run_address>0x80003fbc</run_address>
         <size>0x638</size>
         <input_file_ref idref="fl-18"/>
      </object_component>
      <object_component id="oc-4f">
         <name>.text</name>
         <load_address>0x800045f4</load_address>
         <run_address>0x800045f4</run_address>
         <size>0x488</size>
         <input_file_ref idref="fl-12"/>
      </object_component>
      <object_component id="oc-59">
         <name>.text</name>
         <load_address>0x80004a7c</load_address>
         <run_address>0x80004a7c</run_address>
         <size>0x3e4</size>
         <input_file_ref idref="fl-14"/>
      </object_component>
      <object_component id="oc-d7">
         <name>.text</name>
         <load_address>0x80004e60</load_address>
         <run_address>0x80004e60</run_address>
         <size>0x2ec</size>
         <input_file_ref idref="fl-28"/>
      </object_component>
      <object_component id="oc-36">
         <name>.text</name>
         <load_address>0x8000514c</load_address>
         <run_address>0x8000514c</run_address>
         <size>0x284</size>
         <input_file_ref idref="fl-5"/>
      </object_component>
      <object_component id="oc-69">
         <name>.text</name>
         <load_address>0x800053d0</load_address>
         <run_address>0x800053d0</run_address>
         <size>0x280</size>
         <input_file_ref idref="fl-16"/>
      </object_component>
      <object_component id="oc-a9">
         <name>.text</name>
         <load_address>0x80005650</load_address>
         <run_address>0x80005650</run_address>
         <size>0x180</size>
         <input_file_ref idref="fl-20"/>
      </object_component>
      <object_component id="oc-d1">
         <name>.text</name>
         <load_address>0x800057d0</load_address>
         <run_address>0x800057d0</run_address>
         <size>0x14c</size>
         <input_file_ref idref="fl-27"/>
      </object_component>
      <object_component id="oc-54">
         <name>.text</name>
         <load_address>0x8000591c</load_address>
         <run_address>0x8000591c</run_address>
         <size>0x10c</size>
         <input_file_ref idref="fl-13"/>
      </object_component>
      <object_component id="oc-bd">
         <name>.text</name>
         <load_address>0x80005a28</load_address>
         <run_address>0x80005a28</run_address>
         <size>0xf4</size>
         <input_file_ref idref="fl-24"/>
      </object_component>
      <object_component id="oc-ae">
         <name>.text</name>
         <load_address>0x80005b1c</load_address>
         <run_address>0x80005b1c</run_address>
         <size>0xb0</size>
         <input_file_ref idref="fl-21"/>
      </object_component>
      <object_component id="oc-7f">
         <name>.text</name>
         <load_address>0x80005bcc</load_address>
         <run_address>0x80005bcc</run_address>
         <size>0xa4</size>
         <input_file_ref idref="fl-19"/>
      </object_component>
      <object_component id="oc-8d">
         <name>.text</name>
         <load_address>0x80005c70</load_address>
         <run_address>0x80005c70</run_address>
         <size>0xa0</size>
         <input_file_ref idref="fl-1c"/>
      </object_component>
      <object_component id="oc-9a">
         <name>.text</name>
         <load_address>0x80005d10</load_address>
         <run_address>0x80005d10</run_address>
         <size>0x84</size>
         <input_file_ref idref="fl-1e"/>
      </object_component>
      <object_component id="oc-43">
         <name>.text</name>
         <load_address>0x80005d94</load_address>
         <run_address>0x80005d94</run_address>
         <size>0x84</size>
         <input_file_ref idref="fl-11"/>
      </object_component>
      <object_component id="oc-a0">
         <name>.text</name>
         <load_address>0x80005e18</load_address>
         <run_address>0x80005e18</run_address>
         <size>0x78</size>
         <input_file_ref idref="fl-1f"/>
      </object_component>
      <object_component id="oc-85">
         <name>.text</name>
         <load_address>0x80005e90</load_address>
         <run_address>0x80005e90</run_address>
         <size>0x6c</size>
         <input_file_ref idref="fl-1a"/>
      </object_component>
      <object_component id="oc-62">
         <name>.text</name>
         <load_address>0x80005efc</load_address>
         <run_address>0x80005efc</run_address>
         <size>0x60</size>
         <input_file_ref idref="fl-15"/>
      </object_component>
      <object_component id="oc-c2">
         <name>.text</name>
         <load_address>0x80005f5c</load_address>
         <run_address>0x80005f5c</run_address>
         <size>0x24</size>
         <input_file_ref idref="fl-25"/>
      </object_component>
      <object_component id="oc-cb">
         <name>.text</name>
         <load_address>0x80005f80</load_address>
         <run_address>0x80005f80</run_address>
         <size>0x20</size>
         <input_file_ref idref="fl-26"/>
      </object_component>
      <object_component id="oc-1e">
         <name>.text:decompress:none</name>
         <load_address>0x80005fa0</load_address>
         <run_address>0x80005fa0</run_address>
         <size>0x14</size>
         <input_file_ref idref="fl-1b"/>
      </object_component>
      <object_component id="oc-2a">
         <name>.text:decompress:ZI</name>
         <load_address>0x80005fb4</load_address>
         <run_address>0x80005fb4</run_address>
         <size>0x10</size>
         <input_file_ref idref="fl-1d"/>
      </object_component>
      <object_component id="oc-68">
         <name>.text:CPUIntStatus</name>
         <load_address>0x80005fc4</load_address>
         <run_address>0x80005fc4</run_address>
         <size>0xc</size>
         <input_file_ref idref="fl-15"/>
      </object_component>
      <object_component id="oc-24">
         <name>.text:decompress:rle24</name>
         <load_address>0x80005fd0</load_address>
         <run_address>0x80005fd0</run_address>
         <size>0x8</size>
         <input_file_ref idref="fl-1c"/>
      </object_component>
      <object_component id="oc-93">
         <name>.text:decompress:rle</name>
         <load_address>0x80005fd8</load_address>
         <run_address>0x80005fd8</run_address>
         <size>0x8</size>
         <input_file_ref idref="fl-1c"/>
      </object_component>
      <object_component id="oc-b3">
         <name>.text</name>
         <load_address>0x80005fe0</load_address>
         <run_address>0x80005fe0</run_address>
         <size>0x8</size>
         <input_file_ref idref="fl-22"/>
      </object_component>
      <object_component id="oc-4c">
         <name>.const:vecTbl</name>
         <load_address>0x8000c1ec</load_address>
         <run_address>0x8000c1ec</run_address>
         <size>0x38</size>
         <input_file_ref idref="fl-11"/>
      </object_component>
      <object_component id="oc-78">
         <name>.const:.string</name>
         <load_address>0x8000c224</load_address>
         <run_address>0x8000c224</run_address>
         <size>0x14</size>
         <input_file_ref idref="fl-17"/>
      </object_component>
      <object_component id="oc-49">
         <name>.const</name>
         <load_address>0x8000c238</load_address>
         <run_address>0x8000c238</run_address>
         <size>0x4</size>
         <input_file_ref idref="fl-11"/>
      </object_component>
      <object_component id="oc-75">
         <name>.const</name>
         <load_address>0x8000c23c</load_address>
         <run_address>0x8000c23c</run_address>
         <size>0x4</size>
         <input_file_ref idref="fl-17"/>
      </object_component>
      <object_component id="oc-1ae">
         <name>.cinit.HW_UART_text.load</name>
         <load_address>0x8000c258</load_address>
         <run_address>0x8000c258</run_address>
         <size>0x243</size>
      </object_component>
      <object_component id="oc-1aa">
         <name>.cinit.LED0_text.load</name>
         <load_address>0x8000c4a0</load_address>
         <run_address>0x8000c4a0</run_address>
         <size>0x6f</size>
      </object_component>
      <object_component id="oc-1af">
         <name>.cinit.HW_UART_data.load</name>
         <load_address>0x8000c510</load_address>
         <run_address>0x8000c510</run_address>
         <size>0x64</size>
      </object_component>
      <object_component id="oc-1ac">
         <name>.cinit.LED1_text.load</name>
         <load_address>0x8000c578</load_address>
         <run_address>0x8000c578</run_address>
         <size>0x63</size>
      </object_component>
      <object_component id="oc-1ad">
         <name>.cinit.LED1_data.load</name>
         <load_address>0x8000c5e0</load_address>
         <run_address>0x8000c5e0</run_address>
         <size>0x15</size>
      </object_component>
      <object_component id="oc-1a8">
         <name>.cinit..data.load</name>
         <load_address>0x8000c5f8</load_address>
         <run_address>0x8000c5f8</run_address>
         <size>0x11</size>
      </object_component>
      <object_component id="oc-1ab">
         <name>.cinit.LED0_data.load</name>
         <load_address>0x8000c610</load_address>
         <run_address>0x8000c610</run_address>
         <size>0x11</size>
      </object_component>
      <object_component id="oc-1a6">
         <name>__TI_handler_table</name>
         <load_address>0x8000c624</load_address>
         <run_address>0x8000c624</run_address>
         <size>0xc</size>
      </object_component>
      <object_component id="oc-1a9">
         <name>.cinit..bss.load</name>
         <load_address>0x8000c630</load_address>
         <run_address>0x8000c630</run_address>
         <size>0x8</size>
      </object_component>
      <object_component id="oc-1a7">
         <name>__TI_cinit_table</name>
         <load_address>0x8000c638</load_address>
         <run_address>0x8000c638</run_address>
         <size>0x40</size>
      </object_component>
      <object_component id="oc-8a">
         <name>.stack</name>
         <uninitialized>true</uninitialized>
         <run_address>0x87fff000</run_address>
         <size>0x0</size>
         <input_file_ref idref="fl-1a"/>
      </object_component>
      <object_component id="oc-1b0">
         <name>.stack</name>
         <uninitialized>true</uninitialized>
         <run_address>0x87fff000</run_address>
         <size>0x0</size>
      </object_component>
      <object_component id="oc-32">
         <name>.text</name>
         <load_address>0x80008fe8</load_address>
         <run_address>0x80008fe8</run_address>
         <size>0x1000</size>
         <input_file_ref idref="fl-3"/>
      </object_component>
      <object_component id="oc-33">
         <name>.data</name>
         <load_address>0x80007fe8</load_address>
         <run_address>0x80007fe8</run_address>
         <size>0x1000</size>
         <input_file_ref idref="fl-3"/>
      </object_component>
      <object_component id="oc-34">
         <name>.text</name>
         <load_address>0x8000afe8</load_address>
         <run_address>0x8000afe8</run_address>
         <size>0x1000</size>
         <input_file_ref idref="fl-4"/>
      </object_component>
      <object_component id="oc-35">
         <name>.data</name>
         <load_address>0x80009fe8</load_address>
         <run_address>0x80009fe8</run_address>
         <size>0x1000</size>
         <input_file_ref idref="fl-4"/>
      </object_component>
      <object_component id="oc-30">
         <name>.text</name>
         <load_address>0x80006fe8</load_address>
         <run_address>0x80006fe8</run_address>
         <size>0x1000</size>
         <input_file_ref idref="fl-2"/>
      </object_component>
      <object_component id="oc-31">
         <name>.data</name>
         <load_address>0x80005fe8</load_address>
         <run_address>0x80005fe8</run_address>
         <size>0x1000</size>
         <input_file_ref idref="fl-2"/>
      </object_component>
      <object_component id="oc-5f">
         <name>.bss:fnRAMVectors</name>
         <uninitialized>true</uninitialized>
         <run_address>0x8000bfe8</run_address>
         <size>0x200</size>
         <input_file_ref idref="fl-14"/>
      </object_component>
      <object_component id="oc-10f">
         <name>.common:ConsoleType</name>
         <uninitialized>true</uninitialized>
         <run_address>0x8000c1e8</run_address>
         <size>0x1</size>
      </object_component>
      <object_component id="oc-8b">
         <name>.data</name>
         <load_address>0x8000c250</load_address>
         <run_address>0x8000c250</run_address>
         <size>0x4</size>
         <input_file_ref idref="fl-1a"/>
      </object_component>
      <object_component id="oc-a6">
         <name>.data</name>
         <load_address>0x8000c248</load_address>
         <run_address>0x8000c248</run_address>
         <size>0x8</size>
         <input_file_ref idref="fl-1f"/>
      </object_component>
      <object_component id="oc-ba">
         <name>.data</name>
         <load_address>0x8000c254</load_address>
         <run_address>0x8000c254</run_address>
         <size>0x4</size>
         <input_file_ref idref="fl-23"/>
      </object_component>
      <object_component id="oc-c8">
         <name>.data</name>
         <load_address>0x8000c240</load_address>
         <run_address>0x8000c240</run_address>
         <size>0x8</size>
         <input_file_ref idref="fl-25"/>
      </object_component>
      <object_component id="oc-ff">
         <name>.debug_info</name>
         <load_address>0x0</load_address>
         <run_address>0x0</run_address>
         <size>0x133</size>
         <input_file_ref idref="fl-5"/>
      </object_component>
      <object_component id="oc-37">
         <name>.debug_info</name>
         <load_address>0x133</load_address>
         <run_address>0x133</run_address>
         <size>0x5fa</size>
         <input_file_ref idref="fl-5"/>
      </object_component>
      <object_component id="oc-fa">
         <name>.debug_info</name>
         <load_address>0x72d</load_address>
         <run_address>0x72d</run_address>
         <size>0x84</size>
         <input_file_ref idref="fl-5"/>
      </object_component>
      <object_component id="oc-149">
         <name>.debug_info</name>
         <load_address>0x7b1</load_address>
         <run_address>0x7b1</run_address>
         <size>0x2c</size>
         <input_file_ref idref="fl-5"/>
      </object_component>
      <object_component id="oc-101">
         <name>.debug_info</name>
         <load_address>0x7dd</load_address>
         <run_address>0x7dd</run_address>
         <size>0x305</size>
         <input_file_ref idref="fl-6"/>
      </object_component>
      <object_component id="oc-3d">
         <name>.debug_info</name>
         <load_address>0xae2</load_address>
         <run_address>0xae2</run_address>
         <size>0x7d5</size>
         <input_file_ref idref="fl-6"/>
      </object_component>
      <object_component id="oc-118">
         <name>.debug_info</name>
         <load_address>0x12b7</load_address>
         <run_address>0x12b7</run_address>
         <size>0x4e</size>
         <input_file_ref idref="fl-6"/>
      </object_component>
      <object_component id="oc-113">
         <name>.debug_info</name>
         <load_address>0x1305</load_address>
         <run_address>0x1305</run_address>
         <size>0x48</size>
         <input_file_ref idref="fl-6"/>
      </object_component>
      <object_component id="oc-154">
         <name>.debug_info</name>
         <load_address>0x134d</load_address>
         <run_address>0x134d</run_address>
         <size>0xba</size>
         <input_file_ref idref="fl-6"/>
      </object_component>
      <object_component id="oc-1a">
         <name>.debug_info</name>
         <load_address>0x1407</load_address>
         <run_address>0x1407</run_address>
         <size>0x176</size>
         <input_file_ref idref="fl-10"/>
      </object_component>
      <object_component id="oc-103">
         <name>.debug_info</name>
         <load_address>0x157d</load_address>
         <run_address>0x157d</run_address>
         <size>0x21d</size>
         <input_file_ref idref="fl-11"/>
      </object_component>
      <object_component id="oc-4a">
         <name>.debug_info</name>
         <load_address>0x179a</load_address>
         <run_address>0x179a</run_address>
         <size>0x133</size>
         <input_file_ref idref="fl-11"/>
      </object_component>
      <object_component id="oc-4d">
         <name>.debug_info</name>
         <load_address>0x18cd</load_address>
         <run_address>0x18cd</run_address>
         <size>0x11a</size>
         <input_file_ref idref="fl-11"/>
      </object_component>
      <object_component id="oc-44">
         <name>.debug_info</name>
         <load_address>0x19e7</load_address>
         <run_address>0x19e7</run_address>
         <size>0x2f6</size>
         <input_file_ref idref="fl-11"/>
      </object_component>
      <object_component id="oc-52">
         <name>.debug_info</name>
         <load_address>0x1cdd</load_address>
         <run_address>0x1cdd</run_address>
         <size>0x27b</size>
         <input_file_ref idref="fl-12"/>
      </object_component>
      <object_component id="oc-55">
         <name>.debug_info</name>
         <load_address>0x1f58</load_address>
         <run_address>0x1f58</run_address>
         <size>0x191</size>
         <input_file_ref idref="fl-13"/>
      </object_component>
      <object_component id="oc-10b">
         <name>.debug_info</name>
         <load_address>0x20e9</load_address>
         <run_address>0x20e9</run_address>
         <size>0x19f</size>
         <input_file_ref idref="fl-14"/>
      </object_component>
      <object_component id="oc-60">
         <name>.debug_info</name>
         <load_address>0x2288</load_address>
         <run_address>0x2288</run_address>
         <size>0x129</size>
         <input_file_ref idref="fl-14"/>
      </object_component>
      <object_component id="oc-5a">
         <name>.debug_info</name>
         <load_address>0x23b1</load_address>
         <run_address>0x23b1</run_address>
         <size>0x1de1</size>
         <input_file_ref idref="fl-14"/>
      </object_component>
      <object_component id="oc-63">
         <name>.debug_info</name>
         <load_address>0x4192</load_address>
         <run_address>0x4192</run_address>
         <size>0x5dc</size>
         <input_file_ref idref="fl-15"/>
      </object_component>
      <object_component id="oc-110">
         <name>.debug_info</name>
         <load_address>0x476e</load_address>
         <run_address>0x476e</run_address>
         <size>0x22f</size>
         <input_file_ref idref="fl-16"/>
      </object_component>
      <object_component id="oc-6c">
         <name>.debug_info</name>
         <load_address>0x499d</load_address>
         <run_address>0x499d</run_address>
         <size>0x8d0</size>
         <input_file_ref idref="fl-16"/>
      </object_component>
      <object_component id="oc-11e">
         <name>.debug_info</name>
         <load_address>0x526d</load_address>
         <run_address>0x526d</run_address>
         <size>0x209</size>
         <input_file_ref idref="fl-17"/>
      </object_component>
      <object_component id="oc-76">
         <name>.debug_info</name>
         <load_address>0x5476</load_address>
         <run_address>0x5476</run_address>
         <size>0xf9</size>
         <input_file_ref idref="fl-17"/>
      </object_component>
      <object_component id="oc-70">
         <name>.debug_info</name>
         <load_address>0x556f</load_address>
         <run_address>0x556f</run_address>
         <size>0x1656</size>
         <input_file_ref idref="fl-17"/>
      </object_component>
      <object_component id="oc-122">
         <name>.debug_info</name>
         <load_address>0x6bc5</load_address>
         <run_address>0x6bc5</run_address>
         <size>0xe3</size>
         <input_file_ref idref="fl-18"/>
      </object_component>
      <object_component id="oc-7b">
         <name>.debug_info</name>
         <load_address>0x6ca8</load_address>
         <run_address>0x6ca8</run_address>
         <size>0x85e</size>
         <input_file_ref idref="fl-18"/>
      </object_component>
      <object_component id="oc-124">
         <name>.debug_info</name>
         <load_address>0x7506</load_address>
         <run_address>0x7506</run_address>
         <size>0x286</size>
         <input_file_ref idref="fl-19"/>
      </object_component>
      <object_component id="oc-80">
         <name>.debug_info</name>
         <load_address>0x778c</load_address>
         <run_address>0x778c</run_address>
         <size>0x140</size>
         <input_file_ref idref="fl-19"/>
      </object_component>
      <object_component id="oc-165">
         <name>.debug_info</name>
         <load_address>0x78cc</load_address>
         <run_address>0x78cc</run_address>
         <size>0x39</size>
         <input_file_ref idref="fl-19"/>
      </object_component>
      <object_component id="oc-16a">
         <name>.debug_info</name>
         <load_address>0x7905</load_address>
         <run_address>0x7905</run_address>
         <size>0xcd</size>
         <input_file_ref idref="fl-19"/>
      </object_component>
      <object_component id="oc-86">
         <name>.debug_info</name>
         <load_address>0x79d2</load_address>
         <run_address>0x79d2</run_address>
         <size>0x11e</size>
         <input_file_ref idref="fl-1a"/>
      </object_component>
      <object_component id="oc-ea">
         <name>.debug_info</name>
         <load_address>0x7af0</load_address>
         <run_address>0x7af0</run_address>
         <size>0x109</size>
         <input_file_ref idref="fl-1b"/>
      </object_component>
      <object_component id="oc-1f">
         <name>.debug_info</name>
         <load_address>0x7bf9</load_address>
         <run_address>0x7bf9</run_address>
         <size>0x1a8</size>
         <input_file_ref idref="fl-1b"/>
      </object_component>
      <object_component id="oc-e5">
         <name>.debug_info</name>
         <load_address>0x7da1</load_address>
         <run_address>0x7da1</run_address>
         <size>0x46</size>
         <input_file_ref idref="fl-1b"/>
      </object_component>
      <object_component id="oc-140">
         <name>.debug_info</name>
         <load_address>0x7de7</load_address>
         <run_address>0x7de7</run_address>
         <size>0x2c</size>
         <input_file_ref idref="fl-1b"/>
      </object_component>
      <object_component id="oc-ec">
         <name>.debug_info</name>
         <load_address>0x7e13</load_address>
         <run_address>0x7e13</run_address>
         <size>0xfd</size>
         <input_file_ref idref="fl-1c"/>
      </object_component>
      <object_component id="oc-8e">
         <name>.debug_info</name>
         <load_address>0x7f10</load_address>
         <run_address>0x7f10</run_address>
         <size>0x210</size>
         <input_file_ref idref="fl-1c"/>
      </object_component>
      <object_component id="oc-25">
         <name>.debug_info</name>
         <load_address>0x8120</load_address>
         <run_address>0x8120</run_address>
         <size>0x1a2</size>
         <input_file_ref idref="fl-1c"/>
      </object_component>
      <object_component id="oc-94">
         <name>.debug_info</name>
         <load_address>0x82c2</load_address>
         <run_address>0x82c2</run_address>
         <size>0x19e</size>
         <input_file_ref idref="fl-1c"/>
      </object_component>
      <object_component id="oc-ed">
         <name>.debug_info</name>
         <load_address>0x8460</load_address>
         <run_address>0x8460</run_address>
         <size>0x39</size>
         <input_file_ref idref="fl-1c"/>
      </object_component>
      <object_component id="oc-f8">
         <name>.debug_info</name>
         <load_address>0x8499</load_address>
         <run_address>0x8499</run_address>
         <size>0xf8</size>
         <input_file_ref idref="fl-1d"/>
      </object_component>
      <object_component id="oc-2c">
         <name>.debug_info</name>
         <load_address>0x8591</load_address>
         <run_address>0x8591</run_address>
         <size>0x173</size>
         <input_file_ref idref="fl-1d"/>
      </object_component>
      <object_component id="oc-f3">
         <name>.debug_info</name>
         <load_address>0x8704</load_address>
         <run_address>0x8704</run_address>
         <size>0x46</size>
         <input_file_ref idref="fl-1d"/>
      </object_component>
      <object_component id="oc-129">
         <name>.debug_info</name>
         <load_address>0x874a</load_address>
         <run_address>0x874a</run_address>
         <size>0x1a9</size>
         <input_file_ref idref="fl-1e"/>
      </object_component>
      <object_component id="oc-9c">
         <name>.debug_info</name>
         <load_address>0x88f3</load_address>
         <run_address>0x88f3</run_address>
         <size>0x165</size>
         <input_file_ref idref="fl-1e"/>
      </object_component>
      <object_component id="oc-171">
         <name>.debug_info</name>
         <load_address>0x8a58</load_address>
         <run_address>0x8a58</run_address>
         <size>0x2c</size>
         <input_file_ref idref="fl-1e"/>
      </object_component>
      <object_component id="oc-12b">
         <name>.debug_info</name>
         <load_address>0x8a84</load_address>
         <run_address>0x8a84</run_address>
         <size>0x15a</size>
         <input_file_ref idref="fl-1f"/>
      </object_component>
      <object_component id="oc-a7">
         <name>.debug_info</name>
         <load_address>0x8bde</load_address>
         <run_address>0x8bde</run_address>
         <size>0xff</size>
         <input_file_ref idref="fl-1f"/>
      </object_component>
      <object_component id="oc-a1">
         <name>.debug_info</name>
         <load_address>0x8cdd</load_address>
         <run_address>0x8cdd</run_address>
         <size>0x1d6</size>
         <input_file_ref idref="fl-1f"/>
      </object_component>
      <object_component id="oc-ab">
         <name>.debug_info</name>
         <load_address>0x8eb3</load_address>
         <run_address>0x8eb3</run_address>
         <size>0x14b</size>
         <input_file_ref idref="fl-20"/>
      </object_component>
      <object_component id="oc-af">
         <name>.debug_info</name>
         <load_address>0x8ffe</load_address>
         <run_address>0x8ffe</run_address>
         <size>0x115</size>
         <input_file_ref idref="fl-21"/>
      </object_component>
      <object_component id="oc-b4">
         <name>.debug_info</name>
         <load_address>0x9113</load_address>
         <run_address>0x9113</run_address>
         <size>0x111</size>
         <input_file_ref idref="fl-22"/>
      </object_component>
      <object_component id="oc-bb">
         <name>.debug_info</name>
         <load_address>0x9224</load_address>
         <run_address>0x9224</run_address>
         <size>0xd2</size>
         <input_file_ref idref="fl-23"/>
      </object_component>
      <object_component id="oc-be">
         <name>.debug_info</name>
         <load_address>0x92f6</load_address>
         <run_address>0x92f6</run_address>
         <size>0x151</size>
         <input_file_ref idref="fl-24"/>
      </object_component>
      <object_component id="oc-136">
         <name>.debug_info</name>
         <load_address>0x9447</load_address>
         <run_address>0x9447</run_address>
         <size>0xed</size>
         <input_file_ref idref="fl-25"/>
      </object_component>
      <object_component id="oc-c9">
         <name>.debug_info</name>
         <load_address>0x9534</load_address>
         <run_address>0x9534</run_address>
         <size>0xdc</size>
         <input_file_ref idref="fl-25"/>
      </object_component>
      <object_component id="oc-c3">
         <name>.debug_info</name>
         <load_address>0x9610</load_address>
         <run_address>0x9610</run_address>
         <size>0x1e8</size>
         <input_file_ref idref="fl-25"/>
      </object_component>
      <object_component id="oc-13b">
         <name>.debug_info</name>
         <load_address>0x97f8</load_address>
         <run_address>0x97f8</run_address>
         <size>0x12f</size>
         <input_file_ref idref="fl-26"/>
      </object_component>
      <object_component id="oc-cc">
         <name>.debug_info</name>
         <load_address>0x9927</load_address>
         <run_address>0x9927</run_address>
         <size>0x130</size>
         <input_file_ref idref="fl-26"/>
      </object_component>
      <object_component id="oc-17c">
         <name>.debug_info</name>
         <load_address>0x9a57</load_address>
         <run_address>0x9a57</run_address>
         <size>0x5e</size>
         <input_file_ref idref="fl-26"/>
      </object_component>
      <object_component id="oc-d4">
         <name>.debug_info</name>
         <load_address>0x9ab5</load_address>
         <run_address>0x9ab5</run_address>
         <size>0x8d0</size>
         <input_file_ref idref="fl-27"/>
      </object_component>
      <object_component id="oc-d8">
         <name>.debug_info</name>
         <load_address>0xa385</load_address>
         <run_address>0xa385</run_address>
         <size>0x421</size>
         <input_file_ref idref="fl-28"/>
      </object_component>
      <object_component id="oc-13f">
         <name>.debug_info</name>
         <load_address>0xa7a6</load_address>
         <run_address>0xa7a6</run_address>
         <size>0xfb</size>
         <input_file_ref idref="fl-29"/>
      </object_component>
      <object_component id="oc-e1">
         <name>.debug_info</name>
         <load_address>0xa8a1</load_address>
         <run_address>0xa8a1</run_address>
         <size>0x5f81</size>
         <input_file_ref idref="fl-29"/>
      </object_component>
      <object_component id="oc-1c8">
         <name>.debug_info</name>
         <load_address>0x10822</load_address>
         <run_address>0x10822</run_address>
         <size>0xf0</size>
      </object_component>
      <object_component id="oc-151">
         <name>.debug_line</name>
         <load_address>0x0</load_address>
         <run_address>0x0</run_address>
         <size>0x60</size>
         <input_file_ref idref="fl-5"/>
      </object_component>
      <object_component id="oc-3a">
         <name>.debug_line</name>
         <load_address>0x60</load_address>
         <run_address>0x60</run_address>
         <size>0x117</size>
         <input_file_ref idref="fl-5"/>
      </object_component>
      <object_component id="oc-fd">
         <name>.debug_line</name>
         <load_address>0x177</load_address>
         <run_address>0x177</run_address>
         <size>0x20</size>
         <input_file_ref idref="fl-5"/>
      </object_component>
      <object_component id="oc-14c">
         <name>.debug_line</name>
         <load_address>0x197</load_address>
         <run_address>0x197</run_address>
         <size>0x60</size>
         <input_file_ref idref="fl-5"/>
      </object_component>
      <object_component id="oc-153">
         <name>.debug_line</name>
         <load_address>0x1f7</load_address>
         <run_address>0x1f7</run_address>
         <size>0x7a</size>
         <input_file_ref idref="fl-6"/>
      </object_component>
      <object_component id="oc-40">
         <name>.debug_line</name>
         <load_address>0x271</load_address>
         <run_address>0x271</run_address>
         <size>0x19f</size>
         <input_file_ref idref="fl-6"/>
      </object_component>
      <object_component id="oc-11b">
         <name>.debug_line</name>
         <load_address>0x410</load_address>
         <run_address>0x410</run_address>
         <size>0x60</size>
         <input_file_ref idref="fl-6"/>
      </object_component>
      <object_component id="oc-116">
         <name>.debug_line</name>
         <load_address>0x470</load_address>
         <run_address>0x470</run_address>
         <size>0x58</size>
         <input_file_ref idref="fl-6"/>
      </object_component>
      <object_component id="oc-157">
         <name>.debug_line</name>
         <load_address>0x4c8</load_address>
         <run_address>0x4c8</run_address>
         <size>0x64</size>
         <input_file_ref idref="fl-6"/>
      </object_component>
      <object_component id="oc-1d">
         <name>.debug_line</name>
         <load_address>0x52c</load_address>
         <run_address>0x52c</run_address>
         <size>0x9d</size>
         <input_file_ref idref="fl-10"/>
      </object_component>
      <object_component id="oc-15a">
         <name>.debug_line</name>
         <load_address>0x5c9</load_address>
         <run_address>0x5c9</run_address>
         <size>0x9e</size>
         <input_file_ref idref="fl-11"/>
      </object_component>
      <object_component id="oc-105">
         <name>.debug_line</name>
         <load_address>0x667</load_address>
         <run_address>0x667</run_address>
         <size>0x67</size>
         <input_file_ref idref="fl-11"/>
      </object_component>
      <object_component id="oc-107">
         <name>.debug_line</name>
         <load_address>0x6ce</load_address>
         <run_address>0x6ce</run_address>
         <size>0x67</size>
         <input_file_ref idref="fl-11"/>
      </object_component>
      <object_component id="oc-47">
         <name>.debug_line</name>
         <load_address>0x735</load_address>
         <run_address>0x735</run_address>
         <size>0xb0</size>
         <input_file_ref idref="fl-11"/>
      </object_component>
      <object_component id="oc-50">
         <name>.debug_line</name>
         <load_address>0x7e5</load_address>
         <run_address>0x7e5</run_address>
         <size>0x18f</size>
         <input_file_ref idref="fl-12"/>
      </object_component>
      <object_component id="oc-58">
         <name>.debug_line</name>
         <load_address>0x974</load_address>
         <run_address>0x974</run_address>
         <size>0xbc</size>
         <input_file_ref idref="fl-13"/>
      </object_component>
      <object_component id="oc-15c">
         <name>.debug_line</name>
         <load_address>0xa30</load_address>
         <run_address>0xa30</run_address>
         <size>0x56</size>
         <input_file_ref idref="fl-14"/>
      </object_component>
      <object_component id="oc-10d">
         <name>.debug_line</name>
         <load_address>0xa86</load_address>
         <run_address>0xa86</run_address>
         <size>0x69</size>
         <input_file_ref idref="fl-14"/>
      </object_component>
      <object_component id="oc-5d">
         <name>.debug_line</name>
         <load_address>0xaef</load_address>
         <run_address>0xaef</run_address>
         <size>0x3c3</size>
         <input_file_ref idref="fl-14"/>
      </object_component>
      <object_component id="oc-67">
         <name>.debug_line</name>
         <load_address>0xeb2</load_address>
         <run_address>0xeb2</run_address>
         <size>0x114</size>
         <input_file_ref idref="fl-15"/>
      </object_component>
      <object_component id="oc-15e">
         <name>.debug_line</name>
         <load_address>0xfc6</load_address>
         <run_address>0xfc6</run_address>
         <size>0x7c</size>
         <input_file_ref idref="fl-16"/>
      </object_component>
      <object_component id="oc-6b">
         <name>.debug_line</name>
         <load_address>0x1042</load_address>
         <run_address>0x1042</run_address>
         <size>0x18c</size>
         <input_file_ref idref="fl-16"/>
      </object_component>
      <object_component id="oc-160">
         <name>.debug_line</name>
         <load_address>0x11ce</load_address>
         <run_address>0x11ce</run_address>
         <size>0x75</size>
         <input_file_ref idref="fl-17"/>
      </object_component>
      <object_component id="oc-120">
         <name>.debug_line</name>
         <load_address>0x1243</load_address>
         <run_address>0x1243</run_address>
         <size>0x53</size>
         <input_file_ref idref="fl-17"/>
      </object_component>
      <object_component id="oc-74">
         <name>.debug_line</name>
         <load_address>0x1296</load_address>
         <run_address>0x1296</run_address>
         <size>0x685</size>
         <input_file_ref idref="fl-17"/>
      </object_component>
      <object_component id="oc-162">
         <name>.debug_line</name>
         <load_address>0x191b</load_address>
         <run_address>0x191b</run_address>
         <size>0x20</size>
         <input_file_ref idref="fl-18"/>
      </object_component>
      <object_component id="oc-7d">
         <name>.debug_line</name>
         <load_address>0x193b</load_address>
         <run_address>0x193b</run_address>
         <size>0x1dd</size>
         <input_file_ref idref="fl-18"/>
      </object_component>
      <object_component id="oc-164">
         <name>.debug_line</name>
         <load_address>0x1b18</load_address>
         <run_address>0x1b18</run_address>
         <size>0x69</size>
         <input_file_ref idref="fl-19"/>
      </object_component>
      <object_component id="oc-83">
         <name>.debug_line</name>
         <load_address>0x1b81</load_address>
         <run_address>0x1b81</run_address>
         <size>0x75</size>
         <input_file_ref idref="fl-19"/>
      </object_component>
      <object_component id="oc-168">
         <name>.debug_line</name>
         <load_address>0x1bf6</load_address>
         <run_address>0x1bf6</run_address>
         <size>0x2e</size>
         <input_file_ref idref="fl-19"/>
      </object_component>
      <object_component id="oc-16d">
         <name>.debug_line</name>
         <load_address>0x1c24</load_address>
         <run_address>0x1c24</run_address>
         <size>0x5b</size>
         <input_file_ref idref="fl-19"/>
      </object_component>
      <object_component id="oc-89">
         <name>.debug_line</name>
         <load_address>0x1c7f</load_address>
         <run_address>0x1c7f</run_address>
         <size>0x51</size>
         <input_file_ref idref="fl-1a"/>
      </object_component>
      <object_component id="oc-146">
         <name>.debug_line</name>
         <load_address>0x1cd0</load_address>
         <run_address>0x1cd0</run_address>
         <size>0x5a</size>
         <input_file_ref idref="fl-1b"/>
      </object_component>
      <object_component id="oc-22">
         <name>.debug_line</name>
         <load_address>0x1d2a</load_address>
         <run_address>0x1d2a</run_address>
         <size>0x52</size>
         <input_file_ref idref="fl-1b"/>
      </object_component>
      <object_component id="oc-e8">
         <name>.debug_line</name>
         <load_address>0x1d7c</load_address>
         <run_address>0x1d7c</run_address>
         <size>0x3a</size>
         <input_file_ref idref="fl-1b"/>
      </object_component>
      <object_component id="oc-143">
         <name>.debug_line</name>
         <load_address>0x1db6</load_address>
         <run_address>0x1db6</run_address>
         <size>0x5a</size>
         <input_file_ref idref="fl-1b"/>
      </object_component>
      <object_component id="oc-148">
         <name>.debug_line</name>
         <load_address>0x1e10</load_address>
         <run_address>0x1e10</run_address>
         <size>0x5a</size>
         <input_file_ref idref="fl-1c"/>
      </object_component>
      <object_component id="oc-91">
         <name>.debug_line</name>
         <load_address>0x1e6a</load_address>
         <run_address>0x1e6a</run_address>
         <size>0x87</size>
         <input_file_ref idref="fl-1c"/>
      </object_component>
      <object_component id="oc-28">
         <name>.debug_line</name>
         <load_address>0x1ef1</load_address>
         <run_address>0x1ef1</run_address>
         <size>0x4b</size>
         <input_file_ref idref="fl-1c"/>
      </object_component>
      <object_component id="oc-97">
         <name>.debug_line</name>
         <load_address>0x1f3c</load_address>
         <run_address>0x1f3c</run_address>
         <size>0x4b</size>
         <input_file_ref idref="fl-1c"/>
      </object_component>
      <object_component id="oc-f0">
         <name>.debug_line</name>
         <load_address>0x1f87</load_address>
         <run_address>0x1f87</run_address>
         <size>0x39</size>
         <input_file_ref idref="fl-1c"/>
      </object_component>
      <object_component id="oc-14f">
         <name>.debug_line</name>
         <load_address>0x1fc0</load_address>
         <run_address>0x1fc0</run_address>
         <size>0x5a</size>
         <input_file_ref idref="fl-1d"/>
      </object_component>
      <object_component id="oc-2f">
         <name>.debug_line</name>
         <load_address>0x201a</load_address>
         <run_address>0x201a</run_address>
         <size>0x4f</size>
         <input_file_ref idref="fl-1d"/>
      </object_component>
      <object_component id="oc-f6">
         <name>.debug_line</name>
         <load_address>0x2069</load_address>
         <run_address>0x2069</run_address>
         <size>0x34</size>
         <input_file_ref idref="fl-1d"/>
      </object_component>
      <object_component id="oc-170">
         <name>.debug_line</name>
         <load_address>0x209d</load_address>
         <run_address>0x209d</run_address>
         <size>0x68</size>
         <input_file_ref idref="fl-1e"/>
      </object_component>
      <object_component id="oc-9e">
         <name>.debug_line</name>
         <load_address>0x2105</load_address>
         <run_address>0x2105</run_address>
         <size>0x70</size>
         <input_file_ref idref="fl-1e"/>
      </object_component>
      <object_component id="oc-174">
         <name>.debug_line</name>
         <load_address>0x2175</load_address>
         <run_address>0x2175</run_address>
         <size>0x2e</size>
         <input_file_ref idref="fl-1e"/>
      </object_component>
      <object_component id="oc-177">
         <name>.debug_line</name>
         <load_address>0x21a3</load_address>
         <run_address>0x21a3</run_address>
         <size>0x59</size>
         <input_file_ref idref="fl-1f"/>
      </object_component>
      <object_component id="oc-12e">
         <name>.debug_line</name>
         <load_address>0x21fc</load_address>
         <run_address>0x21fc</run_address>
         <size>0x2a</size>
         <input_file_ref idref="fl-1f"/>
      </object_component>
      <object_component id="oc-a4">
         <name>.debug_line</name>
         <load_address>0x2226</load_address>
         <run_address>0x2226</run_address>
         <size>0x80</size>
         <input_file_ref idref="fl-1f"/>
      </object_component>
      <object_component id="oc-aa">
         <name>.debug_line</name>
         <load_address>0x22a6</load_address>
         <run_address>0x22a6</run_address>
         <size>0x9a</size>
         <input_file_ref idref="fl-20"/>
      </object_component>
      <object_component id="oc-b2">
         <name>.debug_line</name>
         <load_address>0x2340</load_address>
         <run_address>0x2340</run_address>
         <size>0x73</size>
         <input_file_ref idref="fl-21"/>
      </object_component>
      <object_component id="oc-b7">
         <name>.debug_line</name>
         <load_address>0x23b3</load_address>
         <run_address>0x23b3</run_address>
         <size>0x40</size>
         <input_file_ref idref="fl-22"/>
      </object_component>
      <object_component id="oc-133">
         <name>.debug_line</name>
         <load_address>0x23f3</load_address>
         <run_address>0x23f3</run_address>
         <size>0x33</size>
         <input_file_ref idref="fl-23"/>
      </object_component>
      <object_component id="oc-c1">
         <name>.debug_line</name>
         <load_address>0x2426</load_address>
         <run_address>0x2426</run_address>
         <size>0x86</size>
         <input_file_ref idref="fl-24"/>
      </object_component>
      <object_component id="oc-179">
         <name>.debug_line</name>
         <load_address>0x24ac</load_address>
         <run_address>0x24ac</run_address>
         <size>0x20</size>
         <input_file_ref idref="fl-25"/>
      </object_component>
      <object_component id="oc-139">
         <name>.debug_line</name>
         <load_address>0x24cc</load_address>
         <run_address>0x24cc</run_address>
         <size>0x2b</size>
         <input_file_ref idref="fl-25"/>
      </object_component>
      <object_component id="oc-c6">
         <name>.debug_line</name>
         <load_address>0x24f7</load_address>
         <run_address>0x24f7</run_address>
         <size>0x64</size>
         <input_file_ref idref="fl-25"/>
      </object_component>
      <object_component id="oc-17b">
         <name>.debug_line</name>
         <load_address>0x255b</load_address>
         <run_address>0x255b</run_address>
         <size>0x2b</size>
         <input_file_ref idref="fl-26"/>
      </object_component>
      <object_component id="oc-cf">
         <name>.debug_line</name>
         <load_address>0x2586</load_address>
         <run_address>0x2586</run_address>
         <size>0x53</size>
         <input_file_ref idref="fl-26"/>
      </object_component>
      <object_component id="oc-17f">
         <name>.debug_line</name>
         <load_address>0x25d9</load_address>
         <run_address>0x25d9</run_address>
         <size>0x2b</size>
         <input_file_ref idref="fl-26"/>
      </object_component>
      <object_component id="oc-d3">
         <name>.debug_line</name>
         <load_address>0x2604</load_address>
         <run_address>0x2604</run_address>
         <size>0x113</size>
         <input_file_ref idref="fl-27"/>
      </object_component>
      <object_component id="oc-db">
         <name>.debug_line</name>
         <load_address>0x2717</load_address>
         <run_address>0x2717</run_address>
         <size>0x160</size>
         <input_file_ref idref="fl-28"/>
      </object_component>
      <object_component id="oc-182">
         <name>.debug_line</name>
         <load_address>0x2877</load_address>
         <run_address>0x2877</run_address>
         <size>0x20</size>
         <input_file_ref idref="fl-29"/>
      </object_component>
      <object_component id="oc-df">
         <name>.debug_line</name>
         <load_address>0x2897</load_address>
         <run_address>0x2897</run_address>
         <size>0xa80</size>
         <input_file_ref idref="fl-29"/>
      </object_component>
      <object_component id="oc-3b">
         <name>.debug_frame</name>
         <load_address>0x0</load_address>
         <run_address>0x0</run_address>
         <size>0x12d</size>
         <input_file_ref idref="fl-5"/>
      </object_component>
      <object_component id="oc-41">
         <name>.debug_frame</name>
         <load_address>0x12d</load_address>
         <run_address>0x12d</run_address>
         <size>0x135</size>
         <input_file_ref idref="fl-6"/>
      </object_component>
      <object_component id="oc-48">
         <name>.debug_frame</name>
         <load_address>0x262</load_address>
         <run_address>0x262</run_address>
         <size>0xd2</size>
         <input_file_ref idref="fl-11"/>
      </object_component>
      <object_component id="oc-5e">
         <name>.debug_frame</name>
         <load_address>0x334</load_address>
         <run_address>0x334</run_address>
         <size>0x320</size>
         <input_file_ref idref="fl-14"/>
      </object_component>
      <object_component id="oc-66">
         <name>.debug_frame</name>
         <load_address>0x654</load_address>
         <run_address>0x654</run_address>
         <size>0x115</size>
         <input_file_ref idref="fl-15"/>
      </object_component>
      <object_component id="oc-6a">
         <name>.debug_frame</name>
         <load_address>0x769</load_address>
         <run_address>0x769</run_address>
         <size>0x198</size>
         <input_file_ref idref="fl-16"/>
      </object_component>
      <object_component id="oc-73">
         <name>.debug_frame</name>
         <load_address>0x901</load_address>
         <run_address>0x901</run_address>
         <size>0x238</size>
         <input_file_ref idref="fl-17"/>
      </object_component>
      <object_component id="oc-7e">
         <name>.debug_frame</name>
         <load_address>0xb39</load_address>
         <run_address>0xb39</run_address>
         <size>0x140</size>
         <input_file_ref idref="fl-18"/>
      </object_component>
      <object_component id="oc-84">
         <name>.debug_frame</name>
         <load_address>0xc79</load_address>
         <run_address>0xc79</run_address>
         <size>0xbe</size>
         <input_file_ref idref="fl-19"/>
      </object_component>
      <object_component id="oc-23">
         <name>.debug_frame</name>
         <load_address>0xd37</load_address>
         <run_address>0xd37</run_address>
         <size>0xaf</size>
         <input_file_ref idref="fl-1b"/>
      </object_component>
      <object_component id="oc-92">
         <name>.debug_frame</name>
         <load_address>0xde6</load_address>
         <run_address>0xde6</run_address>
         <size>0xbe</size>
         <input_file_ref idref="fl-1c"/>
      </object_component>
      <object_component id="oc-29">
         <name>.debug_frame</name>
         <load_address>0xea4</load_address>
         <run_address>0xea4</run_address>
         <size>0xaf</size>
         <input_file_ref idref="fl-1c"/>
      </object_component>
      <object_component id="oc-98">
         <name>.debug_frame</name>
         <load_address>0xf53</load_address>
         <run_address>0xf53</run_address>
         <size>0xaf</size>
         <input_file_ref idref="fl-1c"/>
      </object_component>
      <object_component id="oc-2b">
         <name>.debug_frame</name>
         <load_address>0x1002</load_address>
         <run_address>0x1002</run_address>
         <size>0xaf</size>
         <input_file_ref idref="fl-1d"/>
      </object_component>
      <object_component id="oc-9f">
         <name>.debug_frame</name>
         <load_address>0x10b1</load_address>
         <run_address>0x10b1</run_address>
         <size>0xbe</size>
         <input_file_ref idref="fl-1e"/>
      </object_component>
      <object_component id="oc-a5">
         <name>.debug_frame</name>
         <load_address>0x116f</load_address>
         <run_address>0x116f</run_address>
         <size>0xdf</size>
         <input_file_ref idref="fl-1f"/>
      </object_component>
      <object_component id="oc-b8">
         <name>.debug_frame</name>
         <load_address>0x124e</load_address>
         <run_address>0x124e</run_address>
         <size>0xaf</size>
         <input_file_ref idref="fl-22"/>
      </object_component>
      <object_component id="oc-c7">
         <name>.debug_frame</name>
         <load_address>0x12fd</load_address>
         <run_address>0x12fd</run_address>
         <size>0xd1</size>
         <input_file_ref idref="fl-25"/>
      </object_component>
      <object_component id="oc-d0">
         <name>.debug_frame</name>
         <load_address>0x13ce</load_address>
         <run_address>0x13ce</run_address>
         <size>0xaf</size>
         <input_file_ref idref="fl-26"/>
      </object_component>
      <object_component id="oc-d2">
         <name>.debug_frame</name>
         <load_address>0x147d</load_address>
         <run_address>0x147d</run_address>
         <size>0x13a</size>
         <input_file_ref idref="fl-27"/>
      </object_component>
      <object_component id="oc-dc">
         <name>.debug_frame</name>
         <load_address>0x15b7</load_address>
         <run_address>0x15b7</run_address>
         <size>0xe9</size>
         <input_file_ref idref="fl-28"/>
      </object_component>
      <object_component id="oc-e0">
         <name>.debug_frame</name>
         <load_address>0x16a0</load_address>
         <run_address>0x16a0</run_address>
         <size>0x7dc</size>
         <input_file_ref idref="fl-29"/>
      </object_component>
      <object_component id="oc-150">
         <name>.debug_abbrev</name>
         <load_address>0x0</load_address>
         <run_address>0x0</run_address>
         <size>0x52</size>
         <input_file_ref idref="fl-5"/>
      </object_component>
      <object_component id="oc-f9">
         <name>.debug_abbrev</name>
         <load_address>0x52</load_address>
         <run_address>0x52</run_address>
         <size>0x7a</size>
         <input_file_ref idref="fl-5"/>
      </object_component>
      <object_component id="oc-fc">
         <name>.debug_abbrev</name>
         <load_address>0xcc</load_address>
         <run_address>0xcc</run_address>
         <size>0x1f</size>
         <input_file_ref idref="fl-5"/>
      </object_component>
      <object_component id="oc-14b">
         <name>.debug_abbrev</name>
         <load_address>0xeb</load_address>
         <run_address>0xeb</run_address>
         <size>0x24</size>
         <input_file_ref idref="fl-5"/>
      </object_component>
      <object_component id="oc-152">
         <name>.debug_abbrev</name>
         <load_address>0x10f</load_address>
         <run_address>0x10f</run_address>
         <size>0xcc</size>
         <input_file_ref idref="fl-6"/>
      </object_component>
      <object_component id="oc-100">
         <name>.debug_abbrev</name>
         <load_address>0x1db</load_address>
         <run_address>0x1db</run_address>
         <size>0xf7</size>
         <input_file_ref idref="fl-6"/>
      </object_component>
      <object_component id="oc-11a">
         <name>.debug_abbrev</name>
         <load_address>0x2d2</load_address>
         <run_address>0x2d2</run_address>
         <size>0x4b</size>
         <input_file_ref idref="fl-6"/>
      </object_component>
      <object_component id="oc-115">
         <name>.debug_abbrev</name>
         <load_address>0x31d</load_address>
         <run_address>0x31d</run_address>
         <size>0x33</size>
         <input_file_ref idref="fl-6"/>
      </object_component>
      <object_component id="oc-156">
         <name>.debug_abbrev</name>
         <load_address>0x350</load_address>
         <run_address>0x350</run_address>
         <size>0x5c</size>
         <input_file_ref idref="fl-6"/>
      </object_component>
      <object_component id="oc-e3">
         <name>.debug_abbrev</name>
         <load_address>0x3ac</load_address>
         <run_address>0x3ac</run_address>
         <size>0x42</size>
         <input_file_ref idref="fl-10"/>
      </object_component>
      <object_component id="oc-159">
         <name>.debug_abbrev</name>
         <load_address>0x3ee</load_address>
         <run_address>0x3ee</run_address>
         <size>0x7e</size>
         <input_file_ref idref="fl-11"/>
      </object_component>
      <object_component id="oc-104">
         <name>.debug_abbrev</name>
         <load_address>0x46c</load_address>
         <run_address>0x46c</run_address>
         <size>0x29</size>
         <input_file_ref idref="fl-11"/>
      </object_component>
      <object_component id="oc-106">
         <name>.debug_abbrev</name>
         <load_address>0x495</load_address>
         <run_address>0x495</run_address>
         <size>0x27</size>
         <input_file_ref idref="fl-11"/>
      </object_component>
      <object_component id="oc-102">
         <name>.debug_abbrev</name>
         <load_address>0x4bc</load_address>
         <run_address>0x4bc</run_address>
         <size>0x99</size>
         <input_file_ref idref="fl-11"/>
      </object_component>
      <object_component id="oc-108">
         <name>.debug_abbrev</name>
         <load_address>0x555</load_address>
         <run_address>0x555</run_address>
         <size>0x42</size>
         <input_file_ref idref="fl-12"/>
      </object_component>
      <object_component id="oc-109">
         <name>.debug_abbrev</name>
         <load_address>0x597</load_address>
         <run_address>0x597</run_address>
         <size>0x34</size>
         <input_file_ref idref="fl-13"/>
      </object_component>
      <object_component id="oc-15b">
         <name>.debug_abbrev</name>
         <load_address>0x5cb</load_address>
         <run_address>0x5cb</run_address>
         <size>0x6a</size>
         <input_file_ref idref="fl-14"/>
      </object_component>
      <object_component id="oc-10c">
         <name>.debug_abbrev</name>
         <load_address>0x635</load_address>
         <run_address>0x635</run_address>
         <size>0x29</size>
         <input_file_ref idref="fl-14"/>
      </object_component>
      <object_component id="oc-10a">
         <name>.debug_abbrev</name>
         <load_address>0x65e</load_address>
         <run_address>0x65e</run_address>
         <size>0x101</size>
         <input_file_ref idref="fl-14"/>
      </object_component>
      <object_component id="oc-10e">
         <name>.debug_abbrev</name>
         <load_address>0x75f</load_address>
         <run_address>0x75f</run_address>
         <size>0x50</size>
         <input_file_ref idref="fl-15"/>
      </object_component>
      <object_component id="oc-15d">
         <name>.debug_abbrev</name>
         <load_address>0x7af</load_address>
         <run_address>0x7af</run_address>
         <size>0xbe</size>
         <input_file_ref idref="fl-16"/>
      </object_component>
      <object_component id="oc-112">
         <name>.debug_abbrev</name>
         <load_address>0x86d</load_address>
         <run_address>0x86d</run_address>
         <size>0x137</size>
         <input_file_ref idref="fl-16"/>
      </object_component>
      <object_component id="oc-15f">
         <name>.debug_abbrev</name>
         <load_address>0x9a4</load_address>
         <run_address>0x9a4</run_address>
         <size>0xb6</size>
         <input_file_ref idref="fl-17"/>
      </object_component>
      <object_component id="oc-11f">
         <name>.debug_abbrev</name>
         <load_address>0xa5a</load_address>
         <run_address>0xa5a</run_address>
         <size>0x27</size>
         <input_file_ref idref="fl-17"/>
      </object_component>
      <object_component id="oc-11d">
         <name>.debug_abbrev</name>
         <load_address>0xa81</load_address>
         <run_address>0xa81</run_address>
         <size>0x170</size>
         <input_file_ref idref="fl-17"/>
      </object_component>
      <object_component id="oc-161">
         <name>.debug_abbrev</name>
         <load_address>0xbf1</load_address>
         <run_address>0xbf1</run_address>
         <size>0x1c</size>
         <input_file_ref idref="fl-18"/>
      </object_component>
      <object_component id="oc-121">
         <name>.debug_abbrev</name>
         <load_address>0xc0d</load_address>
         <run_address>0xc0d</run_address>
         <size>0xab</size>
         <input_file_ref idref="fl-18"/>
      </object_component>
      <object_component id="oc-163">
         <name>.debug_abbrev</name>
         <load_address>0xcb8</load_address>
         <run_address>0xcb8</run_address>
         <size>0x9a</size>
         <input_file_ref idref="fl-19"/>
      </object_component>
      <object_component id="oc-123">
         <name>.debug_abbrev</name>
         <load_address>0xd52</load_address>
         <run_address>0xd52</run_address>
         <size>0x7e</size>
         <input_file_ref idref="fl-19"/>
      </object_component>
      <object_component id="oc-167">
         <name>.debug_abbrev</name>
         <load_address>0xdd0</load_address>
         <run_address>0xdd0</run_address>
         <size>0x24</size>
         <input_file_ref idref="fl-19"/>
      </object_component>
      <object_component id="oc-16c">
         <name>.debug_abbrev</name>
         <load_address>0xdf4</load_address>
         <run_address>0xdf4</run_address>
         <size>0x4b</size>
         <input_file_ref idref="fl-19"/>
      </object_component>
      <object_component id="oc-125">
         <name>.debug_abbrev</name>
         <load_address>0xe3f</load_address>
         <run_address>0xe3f</run_address>
         <size>0x3d</size>
         <input_file_ref idref="fl-1a"/>
      </object_component>
      <object_component id="oc-145">
         <name>.debug_abbrev</name>
         <load_address>0xe7c</load_address>
         <run_address>0xe7c</run_address>
         <size>0x52</size>
         <input_file_ref idref="fl-1b"/>
      </object_component>
      <object_component id="oc-e4">
         <name>.debug_abbrev</name>
         <load_address>0xece</load_address>
         <run_address>0xece</run_address>
         <size>0x74</size>
         <input_file_ref idref="fl-1b"/>
      </object_component>
      <object_component id="oc-e7">
         <name>.debug_abbrev</name>
         <load_address>0xf42</load_address>
         <run_address>0xf42</run_address>
         <size>0x24</size>
         <input_file_ref idref="fl-1b"/>
      </object_component>
      <object_component id="oc-142">
         <name>.debug_abbrev</name>
         <load_address>0xf66</load_address>
         <run_address>0xf66</run_address>
         <size>0x24</size>
         <input_file_ref idref="fl-1b"/>
      </object_component>
      <object_component id="oc-147">
         <name>.debug_abbrev</name>
         <load_address>0xf8a</load_address>
         <run_address>0xf8a</run_address>
         <size>0x52</size>
         <input_file_ref idref="fl-1c"/>
      </object_component>
      <object_component id="oc-126">
         <name>.debug_abbrev</name>
         <load_address>0xfdc</load_address>
         <run_address>0xfdc</run_address>
         <size>0x7b</size>
         <input_file_ref idref="fl-1c"/>
      </object_component>
      <object_component id="oc-eb">
         <name>.debug_abbrev</name>
         <load_address>0x1057</load_address>
         <run_address>0x1057</run_address>
         <size>0x74</size>
         <input_file_ref idref="fl-1c"/>
      </object_component>
      <object_component id="oc-127">
         <name>.debug_abbrev</name>
         <load_address>0x10cb</load_address>
         <run_address>0x10cb</run_address>
         <size>0x74</size>
         <input_file_ref idref="fl-1c"/>
      </object_component>
      <object_component id="oc-ef">
         <name>.debug_abbrev</name>
         <load_address>0x113f</load_address>
         <run_address>0x113f</run_address>
         <size>0x24</size>
         <input_file_ref idref="fl-1c"/>
      </object_component>
      <object_component id="oc-14e">
         <name>.debug_abbrev</name>
         <load_address>0x1163</load_address>
         <run_address>0x1163</run_address>
         <size>0x52</size>
         <input_file_ref idref="fl-1d"/>
      </object_component>
      <object_component id="oc-f2">
         <name>.debug_abbrev</name>
         <load_address>0x11b5</load_address>
         <run_address>0x11b5</run_address>
         <size>0x74</size>
         <input_file_ref idref="fl-1d"/>
      </object_component>
      <object_component id="oc-f5">
         <name>.debug_abbrev</name>
         <load_address>0x1229</load_address>
         <run_address>0x1229</run_address>
         <size>0x24</size>
         <input_file_ref idref="fl-1d"/>
      </object_component>
      <object_component id="oc-16f">
         <name>.debug_abbrev</name>
         <load_address>0x124d</load_address>
         <run_address>0x124d</run_address>
         <size>0x9c</size>
         <input_file_ref idref="fl-1e"/>
      </object_component>
      <object_component id="oc-128">
         <name>.debug_abbrev</name>
         <load_address>0x12e9</load_address>
         <run_address>0x12e9</run_address>
         <size>0x8c</size>
         <input_file_ref idref="fl-1e"/>
      </object_component>
      <object_component id="oc-173">
         <name>.debug_abbrev</name>
         <load_address>0x1375</load_address>
         <run_address>0x1375</run_address>
         <size>0x24</size>
         <input_file_ref idref="fl-1e"/>
      </object_component>
      <object_component id="oc-176">
         <name>.debug_abbrev</name>
         <load_address>0x1399</load_address>
         <run_address>0x1399</run_address>
         <size>0x6b</size>
         <input_file_ref idref="fl-1f"/>
      </object_component>
      <object_component id="oc-12d">
         <name>.debug_abbrev</name>
         <load_address>0x1404</load_address>
         <run_address>0x1404</run_address>
         <size>0x29</size>
         <input_file_ref idref="fl-1f"/>
      </object_component>
      <object_component id="oc-12a">
         <name>.debug_abbrev</name>
         <load_address>0x142d</load_address>
         <run_address>0x142d</run_address>
         <size>0xba</size>
         <input_file_ref idref="fl-1f"/>
      </object_component>
      <object_component id="oc-12f">
         <name>.debug_abbrev</name>
         <load_address>0x14e7</load_address>
         <run_address>0x14e7</run_address>
         <size>0x4b</size>
         <input_file_ref idref="fl-20"/>
      </object_component>
      <object_component id="oc-130">
         <name>.debug_abbrev</name>
         <load_address>0x1532</load_address>
         <run_address>0x1532</run_address>
         <size>0x4f</size>
         <input_file_ref idref="fl-21"/>
      </object_component>
      <object_component id="oc-131">
         <name>.debug_abbrev</name>
         <load_address>0x1581</load_address>
         <run_address>0x1581</run_address>
         <size>0x55</size>
         <input_file_ref idref="fl-22"/>
      </object_component>
      <object_component id="oc-132">
         <name>.debug_abbrev</name>
         <load_address>0x15d6</load_address>
         <run_address>0x15d6</run_address>
         <size>0x27</size>
         <input_file_ref idref="fl-23"/>
      </object_component>
      <object_component id="oc-134">
         <name>.debug_abbrev</name>
         <load_address>0x15fd</load_address>
         <run_address>0x15fd</run_address>
         <size>0x63</size>
         <input_file_ref idref="fl-24"/>
      </object_component>
      <object_component id="oc-178">
         <name>.debug_abbrev</name>
         <load_address>0x1660</load_address>
         <run_address>0x1660</run_address>
         <size>0x45</size>
         <input_file_ref idref="fl-25"/>
      </object_component>
      <object_component id="oc-138">
         <name>.debug_abbrev</name>
         <load_address>0x16a5</load_address>
         <run_address>0x16a5</run_address>
         <size>0x29</size>
         <input_file_ref idref="fl-25"/>
      </object_component>
      <object_component id="oc-135">
         <name>.debug_abbrev</name>
         <load_address>0x16ce</load_address>
         <run_address>0x16ce</run_address>
         <size>0x6f</size>
         <input_file_ref idref="fl-25"/>
      </object_component>
      <object_component id="oc-17a">
         <name>.debug_abbrev</name>
         <load_address>0x173d</load_address>
         <run_address>0x173d</run_address>
         <size>0x8e</size>
         <input_file_ref idref="fl-26"/>
      </object_component>
      <object_component id="oc-13a">
         <name>.debug_abbrev</name>
         <load_address>0x17cb</load_address>
         <run_address>0x17cb</run_address>
         <size>0x68</size>
         <input_file_ref idref="fl-26"/>
      </object_component>
      <object_component id="oc-17e">
         <name>.debug_abbrev</name>
         <load_address>0x1833</load_address>
         <run_address>0x1833</run_address>
         <size>0x49</size>
         <input_file_ref idref="fl-26"/>
      </object_component>
      <object_component id="oc-13c">
         <name>.debug_abbrev</name>
         <load_address>0x187c</load_address>
         <run_address>0x187c</run_address>
         <size>0xd4</size>
         <input_file_ref idref="fl-27"/>
      </object_component>
      <object_component id="oc-13d">
         <name>.debug_abbrev</name>
         <load_address>0x1950</load_address>
         <run_address>0x1950</run_address>
         <size>0xc6</size>
         <input_file_ref idref="fl-28"/>
      </object_component>
      <object_component id="oc-181">
         <name>.debug_abbrev</name>
         <load_address>0x1a16</load_address>
         <run_address>0x1a16</run_address>
         <size>0x23</size>
         <input_file_ref idref="fl-29"/>
      </object_component>
      <object_component id="oc-13e">
         <name>.debug_abbrev</name>
         <load_address>0x1a39</load_address>
         <run_address>0x1a39</run_address>
         <size>0x105</size>
         <input_file_ref idref="fl-29"/>
      </object_component>
      <object_component id="oc-1c9">
         <name>.debug_abbrev</name>
         <load_address>0x1b3e</load_address>
         <run_address>0x1b3e</run_address>
         <size>0x23</size>
      </object_component>
      <object_component id="oc-fe">
         <name>.debug_str</name>
         <load_address>0x0</load_address>
         <run_address>0x0</run_address>
         <size>0xf5</size>
         <input_file_ref idref="fl-5"/>
      </object_component>
      <object_component id="oc-14d">
         <name>.debug_str</name>
         <load_address>0xf5</load_address>
         <run_address>0xf5</run_address>
         <size>0xdc</size>
         <input_file_ref idref="fl-5"/>
      </object_component>
      <object_component id="oc-11c">
         <name>.debug_str</name>
         <load_address>0x1d1</load_address>
         <run_address>0x1d1</run_address>
         <size>0xec</size>
         <input_file_ref idref="fl-6"/>
      </object_component>
      <object_component id="oc-117">
         <name>.debug_str</name>
         <load_address>0x2bd</load_address>
         <run_address>0x2bd</run_address>
         <size>0x10c</size>
         <input_file_ref idref="fl-6"/>
      </object_component>
      <object_component id="oc-158">
         <name>.debug_str</name>
         <load_address>0x3c9</load_address>
         <run_address>0x3c9</run_address>
[...]
      </symbol>
      <symbol id="sm-475">
         <name>DigitToASCII</name>
         <value>0x80004090</value>
         <object_component_ref idref="oc-79"/>
      </symbol>
      <symbol id="sm-476">
         <name>DateToStr</name>
         <value>0x800044ac</value>
         <object_component_ref idref="oc-79"/>
      </symbol>
      <symbol id="sm-49b">
         <name>__TI_auto_init</name>
         <value>0x80005bcc</value>
         <object_component_ref idref="oc-7f"/>
      </symbol>
      <symbol id="sm-4af">
         <name>_c_int00</name>
         <value>0x80005e90</value>
         <object_component_ref idref="oc-85"/>
      </symbol>
      <symbol id="sm-4b0">
         <name>__stack</name>
         <value>0x87fff000</value>
         <object_component_ref idref="oc-8a"/>
      </symbol>
      <symbol id="sm-4b1">
         <name>_stkchk_called</name>
         <value>0x8000c250</value>
         <object_component_ref idref="oc-8b"/>
      </symbol>
      <symbol id="sm-4c9">
         <name>__TI_decompress_none</name>
         <value>0x80005fa0</value>
         <object_component_ref idref="oc-1e"/>
      </symbol>
      <symbol id="sm-4f4">
         <name>__TI_decompress_rle24</name>
         <value>0x80005fd0</value>
         <object_component_ref idref="oc-24"/>
      </symbol>
      <symbol id="sm-4f5">
         <name>__TI_decompress_rle</name>
         <value>0x80005fd8</value>
         <object_component_ref idref="oc-93"/>
      </symbol>
      <symbol id="sm-508">
         <name>__TI_zero_init</name>
         <value>0x80005fb4</value>
         <object_component_ref idref="oc-2a"/>
      </symbol>
      <symbol id="sm-522">
         <name>copy_in</name>
         <value>0x80005d10</value>
         <object_component_ref idref="oc-9a"/>
      </symbol>
      <symbol id="sm-542">
         <name>C$$EXIT</name>
         <value>0x80005e18</value>
         <object_component_ref idref="oc-a0"/>
      </symbol>
      <symbol id="sm-543">
         <name>abort</name>
         <value>0x80005e20</value>
         <object_component_ref idref="oc-a0"/>
      </symbol>
      <symbol id="sm-544">
         <name>exit</name>
         <value>0x80005e2c</value>
         <object_component_ref idref="oc-a0"/>
      </symbol>
      <symbol id="sm-545">
         <name>__TI_dtors_ptr</name>
         <value>0x8000c24c</value>
         <object_component_ref idref="oc-a6"/>
      </symbol>
      <symbol id="sm-546">
         <name>__TI_cleanup_ptr</name>
         <value>0x8000c248</value>
         <object_component_ref idref="oc-a6"/>
      </symbol>
      <symbol id="sm-55f">
         <name>memcpy</name>
         <value>0x80005650</value>
         <object_component_ref idref="oc-a9"/>
      </symbol>
      <symbol id="sm-560">
         <name>__aeabi_memcpy</name>
         <value>0x80005650</value>
         <object_component_ref idref="oc-a9"/>
      </symbol>
      <symbol id="sm-561">
         <name>__aeabi_memcpy8</name>
         <value>0x80005650</value>
         <object_component_ref idref="oc-a9"/>
      </symbol>
      <symbol id="sm-562">
         <name>__aeabi_memcpy4</name>
         <value>0x80005650</value>
         <object_component_ref idref="oc-a9"/>
      </symbol>
      <symbol id="sm-571">
         <name>__aeabi_memset</name>
         <value>0x80005b20</value>
         <object_component_ref idref="oc-ae"/>
      </symbol>
      <symbol id="sm-572">
         <name>memset</name>
         <value>0x80005b2c</value>
         <object_component_ref idref="oc-ae"/>
      </symbol>
      <symbol id="sm-573">
         <name>__aeabi_memset8</name>
         <value>0x80005b20</value>
         <object_component_ref idref="oc-ae"/>
      </symbol>
      <symbol id="sm-574">
         <name>__aeabi_memset4</name>
         <value>0x80005b20</value>
         <object_component_ref idref="oc-ae"/>
      </symbol>
      <symbol id="sm-575">
         <name>__aeabi_memclr8</name>
         <value>0x80005b1c</value>
         <object_component_ref idref="oc-ae"/>
      </symbol>
      <symbol id="sm-576">
         <name>__aeabi_memclr4</name>
         <value>0x80005b1c</value>
         <object_component_ref idref="oc-ae"/>
      </symbol>
      <symbol id="sm-577">
         <name>__aeabi_memclr</name>
         <value>0x80005b1c</value>
         <object_component_ref idref="oc-ae"/>
      </symbol>
      <symbol id="sm-581">
         <name>_system_pre_init</name>
         <value>0x80005fe0</value>
         <object_component_ref idref="oc-b3"/>
      </symbol>
      <symbol id="sm-58a">
         <name>main_func_sp</name>
         <value>0x8000c254</value>
         <object_component_ref idref="oc-ba"/>
      </symbol>
      <symbol id="sm-59f">
         <name>__aeabi_uidivmod</name>
         <value>0x80005a28</value>
         <object_component_ref idref="oc-bd"/>
      </symbol>
      <symbol id="sm-5a0">
         <name>__aeabi_uidiv</name>
         <value>0x80005a28</value>
         <object_component_ref idref="oc-bd"/>
      </symbol>
      <symbol id="sm-5ba">
         <name>_nop</name>
         <value>0x80005f74</value>
         <object_component_ref idref="oc-c2"/>
      </symbol>
      <symbol id="sm-5bb">
         <name>_lock</name>
         <value>0x8000c240</value>
         <object_component_ref idref="oc-c8"/>
      </symbol>
      <symbol id="sm-5bc">
         <name>_unlock</name>
         <value>0x8000c244</value>
         <object_component_ref idref="oc-c8"/>
      </symbol>
      <symbol id="sm-5bd">
         <name>_register_lock</name>
         <value>0x80005f68</value>
         <object_component_ref idref="oc-c2"/>
      </symbol>
      <symbol id="sm-5be">
         <name>_register_unlock</name>
         <value>0x80005f5c</value>
         <object_component_ref idref="oc-c2"/>
      </symbol>
      <symbol id="sm-5d3">
         <name>_args_main</name>
         <value>0x80005f80</value>
         <object_component_ref idref="oc-cb"/>
      </symbol>
      <symbol id="sm-5ea">
         <name>UARTConsoleGetc</name>
         <value>0x800058f8</value>
         <object_component_ref idref="oc-d1"/>
      </symbol>
      <symbol id="sm-5eb">
         <name>UARTConsolePutc</name>
         <value>0x800058e0</value>
         <object_component_ref idref="oc-d1"/>
      </symbol>
      <symbol id="sm-5ec">
         <name>UARTConsoleInit</name>
         <value>0x800058bc</value>
         <object_component_ref idref="oc-d1"/>
      </symbol>
      <symbol id="sm-624">
         <name>UART2ModuleClkConfig</name>
         <value>0x800050d4</value>
         <object_component_ref idref="oc-d7"/>
      </symbol>
      <symbol id="sm-625">
         <name>UART0ModuleClkConfig</name>
         <value>0x80004e94</value>
         <object_component_ref idref="oc-d7"/>
      </symbol>
      <symbol id="sm-626">
         <name>UART1ModuleClkConfig</name>
         <value>0x8000509c</value>
         <object_component_ref idref="oc-d7"/>
      </symbol>
      <symbol id="sm-627">
         <name>UARTPinMuxSetup</name>
         <value>0x80004e60</value>
         <object_component_ref idref="oc-d7"/>
      </symbol>
      <symbol id="sm-6a0">
         <name>UARTAutobaudWordLenGet</name>
         <value>0x80001c44</value>
         <object_component_ref idref="oc-dd"/>
      </symbol>
      <symbol id="sm-6a1">
         <name>UARTDivisorLatchDisable</name>
         <value>0x8000039c</value>
         <object_component_ref idref="oc-dd"/>
      </symbol>
      <symbol id="sm-6a2">
         <name>UARTCharPutNonBlocking</name>
         <value>0x800010d4</value>
         <object_component_ref idref="oc-dd"/>
      </symbol>
      <symbol id="sm-6a3">
         <name>UARTDMAEnable</name>
         <value>0x80000938</value>
         <object_component_ref idref="oc-dd"/>
      </symbol>
      <symbol id="sm-6a4">
         <name>UARTXON1XOFF1ValProgram</name>
         <value>0x800017a4</value>
         <object_component_ref idref="oc-dd"/>
      </symbol>
      <symbol id="sm-6a5">
         <name>UARTScratchPadRegWrite</name>
         <value>0x80001cdc</value>
         <object_component_ref idref="oc-dd"/>
      </symbol>
      <symbol id="sm-6a6">
         <name>UARTPulseShapingControl</name>
         <value>0x80001610</value>
         <object_component_ref idref="oc-dd"/>
      </symbol>
      <symbol id="sm-6a7">
         <name>UARTSubConfigXOFFModeEn</name>
         <value>0x80000ccc</value>
         <object_component_ref idref="oc-dd"/>
      </symbol>
      <symbol id="sm-6a8">
         <name>UARTModemStatusChangeCheck</name>
         <value>0x80001988</value>
         <object_component_ref idref="oc-dd"/>
      </symbol>
      <symbol id="sm-6a9">
         <name>UARTFIFOTrigLvlGranControl</name>
         <value>0x80001a1c</value>
         <object_component_ref idref="oc-dd"/>
      </symbol>
      <symbol id="sm-6aa">
         <name>UARTDivisorValCompute</name>
         <value>0x80000130</value>
         <object_component_ref idref="oc-dd"/>
      </symbol>
      <symbol id="sm-6ab">
         <name>UARTIntPendingStatusGet</name>
         <value>0x80001414</value>
         <object_component_ref idref="oc-dd"/>
      </symbol>
      <symbol id="sm-6ac">
         <name>UARTModuleReset</name>
         <value>0x80001654</value>
         <object_component_ref idref="oc-dd"/>
      </symbol>
      <symbol id="sm-6ad">
         <name>UARTAutobaudParityGet</name>
         <value>0x80001bf8</value>
         <object_component_ref idref="oc-dd"/>
      </symbol>
      <symbol id="sm-6ae">
         <name>UARTTCRTLRBitValRestore</name>
         <value>0x80000da4</value>
         <object_component_ref idref="oc-dd"/>
      </symbol>
      <symbol id="sm-6af">
         <name>UARTIntIdentityGet</name>
         <value>0x800013c8</value>
         <object_component_ref idref="oc-dd"/>
      </symbol>
      <symbol id="sm-6b0">
         <name>UARTCharGetTimeout</name>
         <value>0x800011f0</value>
         <object_component_ref idref="oc-dd"/>
      </symbol>
      <symbol id="sm-6b1">
         <name>UARTEnhanFuncBitValRestore</name>
         <value>0x80000ab8</value>
         <object_component_ref idref="oc-dd"/>
      </symbol>
      <symbol id="sm-6b2">
         <name>UARTModemControlSet</name>
         <value>0x8000190c</value>
         <object_component_ref idref="oc-dd"/>
      </symbol>
      <symbol id="sm-6b3">
         <name>UARTSubConfigTCRTLRModeEn</name>
         <value>0x80000bf4</value>
         <object_component_ref idref="oc-dd"/>
      </symbol>
      <symbol id="sm-6b4">
         <name>UARTLoopbackModeControl</name>
         <value>0x800018c8</value>
         <object_component_ref idref="oc-dd"/>
      </symbol>
      <symbol id="sm-6b5">
         <name>UARTIdleModeConfigure</name>
         <value>0x80001688</value>
         <object_component_ref idref="oc-dd"/>
      </symbol>
      <symbol id="sm-6b6">
         <name>UARTDivisorLatchEnable</name>
         <value>0x80000378</value>
         <object_component_ref idref="oc-dd"/>
      </symbol>
      <symbol id="sm-6b7">
         <name>UARTFIFOCharGet</name>
         <value>0x800012f4</value>
         <object_component_ref idref="oc-dd"/>
      </symbol>
      <symbol id="sm-6b8">
         <name>UARTFIFOWrite</name>
         <value>0x80001310</value>
         <object_component_ref idref="oc-dd"/>
      </symbol>
      <symbol id="sm-6b9">
         <name>UARTWakeUpEventsEnable</name>
         <value>0x800019bc</value>
         <object_component_ref idref="oc-dd"/>
      </symbol>
      <symbol id="sm-6ba">
         <name>UARTSpecialCharDetectControl</name>
         <value>0x80001548</value>
         <object_component_ref idref="oc-dd"/>
      </symbol>
      <symbol id="sm-6bb">
         <name>UARTDivisorLatchWrite</name>
         <value>0x800001f4</value>
         <object_component_ref idref="oc-dd"/>
      </symbol>
      <symbol id="sm-6bc">
         <name>UARTWakeUpEventsDisable</name>
         <value>0x800019ec</value>
         <object_component_ref idref="oc-dd"/>
      </symbol>
      <symbol id="sm-6bd">
         <name>UARTScratchPadRegRead</name>
         <value>0x80001d20</value>
         <object_component_ref idref="oc-dd"/>
      </symbol>
      <symbol id="sm-6be">
         <name>UARTModuleVersionNumberGet</name>
         <value>0x80001d3c</value>
         <object_component_ref idref="oc-dd"/>
      </symbol>
      <symbol id="sm-6bf">
         <name>UARTRXCTSDSRWakeUpConfigure</name>
         <value>0x80001b08</value>
         <object_component_ref idref="oc-dd"/>
      </symbol>
      <symbol id="sm-6c0">
         <name>UARTEnhanFuncEnable</name>
         <value>0x80000a58</value>
         <object_component_ref idref="oc-dd"/>
      </symbol>
      <symbol id="sm-6c1">
         <name>UARTTxFIFOLevelGet</name>
         <value>0x80001bc8</value>
         <object_component_ref idref="oc-dd"/>
      </symbol>
      <symbol id="sm-6c2">
         <name>UARTOperatingModeSelect</name>
         <value>0x800000d0</value>
         <object_component_ref idref="oc-dd"/>
      </symbol>
      <symbol id="sm-6c3">
         <name>UARTXON2XOFF2ValProgram</name>
         <value>0x800017d4</value>
         <object_component_ref idref="oc-dd"/>
      </symbol>
      <symbol id="sm-6c4">
         <name>UARTLineCharacConfig</name>
         <value>0x8000049c</value>
         <object_component_ref idref="oc-dd"/>
      </symbol>
      <symbol id="sm-6c5">
         <name>UARTIntEnable</name>
         <value>0x80000e80</value>
         <object_component_ref idref="oc-dd"/>
      </symbol>
      <symbol id="sm-6c6">
         <name>UARTCharsAvail</name>
         <value>0x80001080</value>
         <object_component_ref idref="oc-dd"/>
      </symbol>
      <symbol id="sm-6c7">
         <name>UARTRxFIFOLevelGet</name>
         <value>0x80001be0</value>
         <object_component_ref idref="oc-dd"/>
      </symbol>
      <symbol id="sm-6c8">
         <name>UARTFlowCtrlTrigLvlConfig</name>
         <value>0x80001754</value>
         <object_component_ref idref="oc-dd"/>
      </symbol>
      <symbol id="sm-6c9">
         <name>UARTCharGetNonBlocking</name>
         <value>0x80001140</value>
         <object_component_ref idref="oc-dd"/>
      </symbol>
      <symbol id="sm-6ca">
         <name>UARTDMACounterResetControl</name>
         <value>0x80001b68</value>
         <object_component_ref idref="oc-dd"/>
      </symbol>
      <symbol id="sm-6cb">
         <name>UARTModemStatusGet</name>
         <value>0x8000196c</value>
         <object_component_ref idref="oc-dd"/>
      </symbol>
      <symbol id="sm-6cc">
         <name>UARTAutoRTSAutoCTSControl</name>
         <value>0x800014bc</value>
         <object_component_ref idref="oc-dd"/>
      </symbol>
      <symbol id="sm-6cd">
         <name>UARTFIFORegisterWrite</name>
         <value>0x800009cc</value>
         <object_component_ref idref="oc-dd"/>
      </symbol>
      <symbol id="sm-6ce">
         <name>UARTDSRInterruptControl</name>
         <value>0x80001a80</value>
         <object_component_ref idref="oc-dd"/>
      </symbol>
      <symbol id="sm-6cf">
         <name>UARTIntDisable</name>
         <value>0x80000f64</value>
         <object_component_ref idref="oc-dd"/>
      </symbol>
      <symbol id="sm-6d0">
         <name>UARTCharPut</name>
         <value>0x80001280</value>
         <object_component_ref idref="oc-dd"/>
      </symbol>
      <symbol id="sm-6d1">
         <name>UARTTxDMAThresholdControl</name>
         <value>0x80001d58</value>
         <object_component_ref idref="oc-dd"/>
      </symbol>
      <symbol id="sm-6d2">
         <name>UARTParityModeSet</name>
         <value>0x80000514</value>
         <object_component_ref idref="oc-dd"/>
      </symbol>
      <symbol id="sm-6d3">
         <name>UARTAutoIdleModeControl</name>
         <value>0x80001710</value>
         <object_component_ref idref="oc-dd"/>
      </symbol>
      <symbol id="sm-6d4">
         <name>UARTRxErrorGet</name>
         <value>0x8000137c</value>
         <object_component_ref idref="oc-dd"/>
      </symbol>
      <symbol id="sm-6d5">
         <name>UARTFIFOEnableStatusGet</name>
         <value>0x80001468</value>
         <object_component_ref idref="oc-dd"/>
      </symbol>
      <symbol id="sm-6d6">
         <name>UARTXONAnyFeatureControl</name>
         <value>0x80001804</value>
         <object_component_ref idref="oc-dd"/>
      </symbol>
      <symbol id="sm-6d7">
         <name>UARTFIFOCharPut</name>
         <value>0x800012d4</value>
         <object_component_ref idref="oc-dd"/>
      </symbol>
      <symbol id="sm-6d8">
         <name>UARTSubConfigMSRSPRModeEn</name>
         <value>0x80000b1c</value>
         <object_component_ref idref="oc-dd"/>
      </symbol>
      <symbol id="sm-6d9">
         <name>UARTDMADisable</name>
         <value>0x80000994</value>
         <object_component_ref idref="oc-dd"/>
      </symbol>
      <symbol id="sm-6da">
         <name>UARTTxFIFOFullStatusGet</name>
         <value>0x80001bac</value>
         <object_component_ref idref="oc-dd"/>
      </symbol>
      <symbol id="sm-6db">
         <name>UARTFIFOConfig</name>
         <value>0x80000574</value>
         <object_component_ref idref="oc-dd"/>
      </symbol>
      <symbol id="sm-6dc">
         <name>UARTTxDMAThresholdValConfig</name>
         <value>0x80001d9c</value>
         <object_component_ref idref="oc-dd"/>
      </symbol>
      <symbol id="sm-6dd">
         <name>UARTWakeUpControl</name>
         <value>0x800016cc</value>
         <object_component_ref idref="oc-dd"/>
      </symbol>
      <symbol id="sm-6de">
         <name>UARTResumeOperation</name>
         <value>0x800019a4</value>
         <object_component_ref idref="oc-dd"/>
      </symbol>
      <symbol id="sm-6df">
         <name>UARTRegConfModeRestore</name>
         <value>0x80000438</value>
         <object_component_ref idref="oc-dd"/>
      </symbol>
      <symbol id="sm-6e0">
         <name>UARTSpaceAvail</name>
         <value>0x8000102c</value>
         <object_component_ref idref="oc-dd"/>
      </symbol>
      <symbol id="sm-6e1">
         <name>UARTAutobaudSpeedGet</name>
         <value>0x80001c90</value>
         <object_component_ref idref="oc-dd"/>
      </symbol>
      <symbol id="sm-6e2">
         <name>UARTCharGet</name>
         <value>0x80001198</value>
         <object_component_ref idref="oc-dd"/>
      </symbol>
      <symbol id="sm-6e3">
         <name>UARTSoftwareFlowCtrlOptSet</name>
         <value>0x800015ac</value>
         <object_component_ref idref="oc-dd"/>
      </symbol>
      <symbol id="sm-6e4">
         <name>UARTModemControlClear</name>
         <value>0x8000193c</value>
         <object_component_ref idref="oc-dd"/>
      </symbol>
      <symbol id="sm-6e5">
         <name>UARTRegConfigModeEnable</name>
         <value>0x800003c0</value>
         <object_component_ref idref="oc-dd"/>
      </symbol>
      <symbol id="sm-6e6">
         <name>UARTRXCTSDSRTransitionStatusGet</name>
         <value>0x80001b4c</value>
         <object_component_ref idref="oc-dd"/>
      </symbol>
      <symbol id="sm-6e7">
         <name>UARTTxEmptyIntControl</name>
         <value>0x80001ac4</value>
         <object_component_ref idref="oc-dd"/>
      </symbol>
      <symbol id="sm-6e8">
         <name>UARTParityModeGet</name>
         <value>0x80000558</value>
         <object_component_ref idref="oc-dd"/>
      </symbol>
      <symbol id="sm-6e9">
         <name>UARTBreakCtl</name>
         <value>0x80000458</value>
         <object_component_ref idref="oc-dd"/>
      </symbol>
      <symbol id="sm-6ea">
         <name>__TI_static_base__</name>
         <value>0x8000c258</value>
      </symbol>
      <symbol id="sm-6f5">
         <name>SHT$$INIT_ARRAY$$Limit</name>
         <value>0x0</value>
      </symbol>
      <symbol id="sm-6f6">
         <name>SHT$$INIT_ARRAY$$Base</name>
         <value>0x0</value>
      </symbol>
   </symbol_table>
   <title>Link successful</title>
</link_info>
