<?xml version="1.0"?>
<link_info>
   <banner>TI ARM Linker PC v5.1.6</banner>
   <copyright>Copyright (c) 1996-2014 Texas Instruments Incorporated</copyright>
   <link_time>0x557ea051</link_time>
   <link_errors>0x0</link_errors>
   <output_file>PRU_Demo.out</output_file>
   <entry_point>
      <name>Entry</name>
      <address>0x80000000</address>
   </entry_point>
   <input_file_list>
      <input_file id="fl-2">
         <path>C:\pru-software-support-package\pru_cape\pru_fw\PRU_HDQ_TempSensor0\Debug\</path>
         <kind>object</kind>
         <file>PRU_HDQ_TempSensor0_image.obj</file>
         <name>PRU_HDQ_TempSensor0_image.obj</name>
      </input_file>
      <input_file id="fl-3">
         <path>C:\pru-software-support-package\pru_cape\pru_fw\PRU_HDQ_TempSensor1\Debug\</path>
         <kind>object</kind>
         <file>PRU_HDQ_TempSensor1_image.obj</file>
         <name>PRU_HDQ_TempSensor1_image.obj</name>
      </input_file>
      <input_file id="fl-4">
         <path>C:\pru-software-support-package\pru_cape\pru_fw\PRU_Hardware_UART\Debug\</path>
         <kind>object</kind>
         <file>PRU_Hardware_UART_image.obj</file>
         <name>PRU_Hardware_UART_image.obj</name>
      </input_file>
      <input_file id="fl-5">
         <path>C:\pru-software-support-package\pru_cape\pru_fw\PRU_LED0\Debug\</path>
         <kind>object</kind>
         <file>PRU_LED0_image.obj</file>
         <name>PRU_LED0_image.obj</name>
      </input_file>
      <input_file id="fl-6">
         <path>C:\pru-software-support-package\pru_cape\pru_fw\PRU_LED1\Debug\</path>
         <kind>object</kind>
         <file>PRU_LED1_image.obj</file>
         <name>PRU_LED1_image.obj</name>
      </input_file>
      <input_file id="fl-7">
         <path>C:\pru-software-support-package\pru_cape\pru_fw\PRU_Switch\Debug\</path>
         <kind>object</kind>
         <file>PRU_Switch_image.obj</file>
         <name>PRU_Switch_image.obj</name>
      </input_file>
      <input_file id="fl-8">
         <path>.\</path>
         <kind>object</kind>
         <file>pru.obj</file>
         <name>pru.obj</name>
      </input_file>
      <input_file id="fl-9">
         <path>.\</path>
         <kind>object</kind>
         <file>pru_cape_demo.obj</file>
         <name>pru_cape_demo.obj</name>
      </input_file>
      <input_file id="fl-12">
         <path>c:\ti\ccsv6\tools\compiler\arm_5.1.6\lib\</path>
         <kind>archive</kind>
         <file>rtsv7A8_A_le_v3_eabi.lib</file>
         <name>copy_decompress_none.obj</name>
      </input_file>
      <input_file id="fl-13">
         <path>c:\ti\ccsv6\tools\compiler\arm_5.1.6\lib\</path>
         <kind>archive</kind>
         <file>rtsv7A8_A_le_v3_eabi.lib</file>
         <name>copy_decompress_rle.obj</name>
      </input_file>
      <input_file id="fl-14">
         <path>c:\ti\ccsv6\tools\compiler\arm_5.1.6\lib\</path>
         <kind>archive</kind>
         <file>rtsv7A8_A_le_v3_eabi.lib</file>
         <name>copy_zero_init.obj</name>
      </input_file>
      <input_file id="fl-15">
         <path>c:\ti\ccsv6\tools\compiler\arm_5.1.6\lib\</path>
         <kind>archive</kind>
         <file>rtsv7A8_A_le_v3_eabi.lib</file>
         <name>memcpy32.obj</name>
      </input_file>
      <input_file id="fl-16">
         <path>c:\ti\ccsv6\tools\compiler\arm_5.1.6\lib\</path>
         <kind>archive</kind>
         <file>rtsv7A8_A_le_v3_eabi.lib</file>
         <name>memset32.obj</name>
      </input_file>
      <input_file id="fl-17">
         <path>E:\starterwarefree-code\binary\armv7a\cgt_ccs\am335x\system_config\Debug\</path>
         <kind>archive</kind>
         <file>system.lib</file>
         <name>init.obj</name>
      </input_file>
      <input_file id="fl-18">
         <path>E:\starterwarefree-code\binary\armv7a\cgt_ccs\am335x\system_config\Debug\</path>
         <kind>archive</kind>
         <file>system.lib</file>
         <name>startup.obj</name>
      </input_file>
      <input_file id="fl-19">
         <path>E:\starterwarefree-code\binary\armv7a\cgt_ccs\am335x\system_config\Debug\</path>
         <kind>archive</kind>
         <file>system.lib</file>
         <name>cp15.obj</name>
      </input_file>
      <input_file id="fl-1a">
         <path>E:\starterwarefree-code\binary\armv7a\cgt_ccs\am335x\system_config\Debug\</path>
         <kind>archive</kind>
         <file>system.lib</file>
         <name>exceptionhandler.obj</name>
      </input_file>
      <input_file id="fl-1b">
         <path>E:\starterwarefree-code\binary\armv7a\cgt_ccs\am335x\system_config\Debug\</path>
         <kind>archive</kind>
         <file>system.lib</file>
         <name>interrupt.obj</name>
      </input_file>
      <input_file id="fl-1c">
         <path>E:\starterwarefree-code\binary\armv7a\cgt_ccs\am335x\system_config\Debug\</path>
         <kind>archive</kind>
         <file>system.lib</file>
         <name>cpu.obj</name>
      </input_file>
      <input_file id="fl-1d">
         <path>E:\starterwarefree-code\binary\armv7a\cgt_ccs\utils\Debug\</path>
         <kind>archive</kind>
         <file>utils.lib</file>
         <name>consoleUtils.obj</name>
      </input_file>
      <input_file id="fl-1e">
         <path>E:\starterwarefree-code\binary\armv7a\cgt_ccs\utils\Debug\</path>
         <kind>archive</kind>
         <file>utils.lib</file>
         <name>uartStdio.obj</name>
      </input_file>
      <input_file id="fl-1f">
         <path>E:\starterwarefree-code\binary\armv7a\cgt_ccs\utils\Debug\</path>
         <kind>archive</kind>
         <file>utils.lib</file>
         <name>ascii.obj</name>
      </input_file>
      <input_file id="fl-20">
         <path>c:\ti\ccsv6\tools\compiler\arm_5.1.6\lib\</path>
         <kind>archive</kind>
         <file>rtsv7A8_A_le_v3_eabi.lib</file>
         <name>auto_init.obj</name>
      </input_file>
      <input_file id="fl-21">
         <path>c:\ti\ccsv6\tools\compiler\arm_5.1.6\lib\</path>
         <kind>archive</kind>
         <file>rtsv7A8_A_le_v3_eabi.lib</file>
         <name>boot.obj</name>
      </input_file>
      <input_file id="fl-22">
         <path>c:\ti\ccsv6\tools\compiler\arm_5.1.6\lib\</path>
         <kind>archive</kind>
         <file>rtsv7A8_A_le_v3_eabi.lib</file>
         <name>cpy_tbl.obj</name>
      </input_file>
      <input_file id="fl-23">
         <path>c:\ti\ccsv6\tools\compiler\arm_5.1.6\lib\</path>
         <kind>archive</kind>
         <file>rtsv7A8_A_le_v3_eabi.lib</file>
         <name>exit.obj</name>
      </input_file>
      <input_file id="fl-24">
         <path>c:\ti\ccsv6\tools\compiler\arm_5.1.6\lib\</path>
         <kind>archive</kind>
         <file>rtsv7A8_A_le_v3_eabi.lib</file>
         <name>stkdepth_vars.obj</name>
      </input_file>
      <input_file id="fl-25">
         <path>c:\ti\ccsv6\tools\compiler\arm_5.1.6\lib\</path>
         <kind>archive</kind>
         <file>rtsv7A8_A_le_v3_eabi.lib</file>
         <name>u_div32.obj</name>
      </input_file>
      <input_file id="fl-26">
         <path>c:\ti\ccsv6\tools\compiler\arm_5.1.6\lib\</path>
         <kind>archive</kind>
         <file>rtsv7A8_A_le_v3_eabi.lib</file>
         <name>_lock.obj</name>
      </input_file>
      <input_file id="fl-27">
         <path>c:\ti\ccsv6\tools\compiler\arm_5.1.6\lib\</path>
         <kind>archive</kind>
         <file>rtsv7A8_A_le_v3_eabi.lib</file>
         <name>args_main.obj</name>
      </input_file>
      <input_file id="fl-28">
         <path>E:\starterwarefree-code\binary\armv7a\cgt_ccs\am335x\beaglebone\platform\Debug\</path>
         <kind>archive</kind>
         <file>platform.lib</file>
         <name>uartConsole.obj</name>
      </input_file>
      <input_file id="fl-29">
         <path>E:\starterwarefree-code\binary\armv7a\cgt_ccs\am335x\beaglebone\platform\Debug\</path>
         <kind>archive</kind>
         <file>platform.lib</file>
         <name>uart.obj</name>
      </input_file>
      <input_file id="fl-2a">
         <path>E:\starterwarefree-code\binary\armv7a\cgt_ccs\am335x\drivers\Debug\</path>
         <kind>archive</kind>
         <file>drivers.lib</file>
         <name>uart_irda_cir.obj</name>
      </input_file>
   </input_file_list>
   <object_component_list>
      <object_component id="oc-28">
         <name>.text:Entry</name>
         <load_address>0x80000000</load_address>
         <run_address>0x80000000</run_address>
         <size>0xc8</size>
         <input_file_ref idref="fl-17"/>
      </object_component>
      <object_component id="oc-1b8">
         <name>.tramp.__TI_auto_init.1</name>
         <load_address>0x800000c8</load_address>
         <run_address>0x800000c8</run_address>
         <size>0xc</size>
         <input_file_ref idref="fl-20"/>
      </object_component>
      <object_component id="oc-57">
         <name>.text</name>
         <load_address>0x800000d4</load_address>
         <run_address>0x800000d4</run_address>
         <size>0x0</size>
         <input_file_ref idref="fl-12"/>
      </object_component>
      <object_component id="oc-64">
         <name>.text</name>
         <load_address>0x800000d4</load_address>
         <run_address>0x800000d4</run_address>
         <size>0x0</size>
         <input_file_ref idref="fl-14"/>
      </object_component>
      <object_component id="oc-6f">
         <name>.text</name>
         <load_address>0x800000d4</load_address>
         <run_address>0x800000d4</run_address>
         <size>0x0</size>
         <input_file_ref idref="fl-17"/>
      </object_component>
      <object_component id="oc-c7">
         <name>.text</name>
         <load_address>0x800000d4</load_address>
         <run_address>0x800000d4</run_address>
         <size>0x0</size>
         <input_file_ref idref="fl-24"/>
      </object_component>
      <object_component id="oc-eb">
         <name>.text</name>
         <load_address>0x800000d4</load_address>
         <run_address>0x800000d4</run_address>
         <size>0x1d10</size>
         <input_file_ref idref="fl-2a"/>
      </object_component>
      <object_component id="oc-9c">
         <name>.text</name>
         <load_address>0x80001de4</load_address>
         <run_address>0x80001de4</run_address>
         <size>0x19f8</size>
         <input_file_ref idref="fl-1e"/>
      </object_component>
      <object_component id="oc-51">
         <name>.text</name>
         <load_address>0x800037dc</load_address>
         <run_address>0x800037dc</run_address>
         <size>0xd40</size>
         <input_file_ref idref="fl-9"/>
      </object_component>
      <object_component id="oc-a6">
         <name>.text</name>
         <load_address>0x8000451c</load_address>
         <run_address>0x8000451c</run_address>
         <size>0x638</size>
         <input_file_ref idref="fl-1f"/>
      </object_component>
      <object_component id="oc-7c">
         <name>.text</name>
         <load_address>0x80004b54</load_address>
         <run_address>0x80004b54</run_address>
         <size>0x488</size>
         <input_file_ref idref="fl-19"/>
      </object_component>
      <object_component id="oc-86">
         <name>.text</name>
         <load_address>0x80004fdc</load_address>
         <run_address>0x80004fdc</run_address>
         <size>0x3e4</size>
         <input_file_ref idref="fl-1b"/>
      </object_component>
      <object_component id="oc-e5">
         <name>.text</name>
         <load_address>0x800053c0</load_address>
         <run_address>0x800053c0</run_address>
         <size>0x2ec</size>
         <input_file_ref idref="fl-29"/>
      </object_component>
      <object_component id="oc-4b">
         <name>.text</name>
         <load_address>0x800056ac</load_address>
         <run_address>0x800056ac</run_address>
         <size>0x284</size>
         <input_file_ref idref="fl-8"/>
      </object_component>
      <object_component id="oc-96">
         <name>.text</name>
         <load_address>0x80005930</load_address>
         <run_address>0x80005930</run_address>
         <size>0x280</size>
         <input_file_ref idref="fl-1d"/>
      </object_component>
      <object_component id="oc-65">
         <name>.text</name>
         <load_address>0x80005bb0</load_address>
         <run_address>0x80005bb0</run_address>
         <size>0x180</size>
         <input_file_ref idref="fl-15"/>
      </object_component>
      <object_component id="oc-df">
         <name>.text</name>
         <load_address>0x80005d30</load_address>
         <run_address>0x80005d30</run_address>
         <size>0x14c</size>
         <input_file_ref idref="fl-28"/>
      </object_component>
      <object_component id="oc-81">
         <name>.text</name>
         <load_address>0x80005e7c</load_address>
         <run_address>0x80005e7c</run_address>
         <size>0x10c</size>
         <input_file_ref idref="fl-1a"/>
      </object_component>
      <object_component id="oc-cb">
         <name>.text</name>
         <load_address>0x80005f88</load_address>
         <run_address>0x80005f88</run_address>
         <size>0xf4</size>
         <input_file_ref idref="fl-25"/>
      </object_component>
      <object_component id="oc-ac">
         <name>.text</name>
         <load_address>0x8000607c</load_address>
         <run_address>0x8000607c</run_address>
         <size>0xd4</size>
         <input_file_ref idref="fl-20"/>
      </object_component>
      <object_component id="oc-6a">
         <name>.text</name>
         <load_address>0x80006150</load_address>
         <run_address>0x80006150</run_address>
         <size>0xb0</size>
         <input_file_ref idref="fl-16"/>
      </object_component>
      <object_component id="oc-58">
         <name>.text</name>
         <load_address>0x80006200</load_address>
         <run_address>0x80006200</run_address>
         <size>0x98</size>
         <input_file_ref idref="fl-13"/>
      </object_component>
      <object_component id="oc-70">
         <name>.text</name>
         <load_address>0x80006298</load_address>
         <run_address>0x80006298</run_address>
         <size>0x84</size>
         <input_file_ref idref="fl-18"/>
      </object_component>
      <object_component id="oc-b8">
         <name>.text</name>
         <load_address>0x8000631c</load_address>
         <run_address>0x8000631c</run_address>
         <size>0x80</size>
         <input_file_ref idref="fl-22"/>
      </object_component>
      <object_component id="oc-be">
         <name>.text</name>
         <load_address>0x8000639c</load_address>
         <run_address>0x8000639c</run_address>
         <size>0x78</size>
         <input_file_ref idref="fl-23"/>
      </object_component>
      <object_component id="oc-b1">
         <name>.text</name>
         <load_address>0x80006414</load_address>
         <run_address>0x80006414</run_address>
         <size>0x60</size>
         <input_file_ref idref="fl-21"/>
      </object_component>
      <object_component id="oc-8f">
         <name>.text</name>
         <load_address>0x80006474</load_address>
         <run_address>0x80006474</run_address>
         <size>0x60</size>
         <input_file_ref idref="fl-1c"/>
      </object_component>
      <object_component id="oc-d0">
         <name>.text</name>
         <load_address>0x800064d4</load_address>
         <run_address>0x800064d4</run_address>
         <size>0x24</size>
         <input_file_ref idref="fl-26"/>
      </object_component>
      <object_component id="oc-33">
         <name>.text:decompress:ZI</name>
         <load_address>0x800064f8</load_address>
         <run_address>0x800064f8</run_address>
         <size>0x20</size>
         <input_file_ref idref="fl-14"/>
      </object_component>
      <object_component id="oc-d9">
         <name>.text</name>
         <load_address>0x80006518</load_address>
         <run_address>0x80006518</run_address>
         <size>0x20</size>
         <input_file_ref idref="fl-27"/>
      </object_component>
      <object_component id="oc-2d">
         <name>.text:decompress:none</name>
         <load_address>0x80006538</load_address>
         <run_address>0x80006538</run_address>
         <size>0x14</size>
         <input_file_ref idref="fl-12"/>
      </object_component>
      <object_component id="oc-95">
         <name>.text:CPUIntStatus</name>
         <load_address>0x8000654c</load_address>
         <run_address>0x8000654c</run_address>
         <size>0xc</size>
         <input_file_ref idref="fl-1c"/>
      </object_component>
      <object_component id="oc-39">
         <name>.text:decompress:rle24</name>
         <load_address>0x80006558</load_address>
         <run_address>0x80006558</run_address>
         <size>0x8</size>
         <input_file_ref idref="fl-13"/>
      </object_component>
      <object_component id="oc-5e">
         <name>.text:decompress:rle</name>
         <load_address>0x80006560</load_address>
         <run_address>0x80006560</run_address>
         <size>0x8</size>
         <input_file_ref idref="fl-13"/>
      </object_component>
      <object_component id="oc-b7">
         <name>.data</name>
         <load_address>0x800127d0</load_address>
         <run_address>0x800127d0</run_address>
         <size>0x4</size>
         <input_file_ref idref="fl-21"/>
      </object_component>
      <object_component id="oc-c4">
         <name>.data</name>
         <load_address>0x800127c8</load_address>
         <run_address>0x800127c8</run_address>
         <size>0x8</size>
         <input_file_ref idref="fl-23"/>
      </object_component>
      <object_component id="oc-c8">
         <name>.data</name>
         <load_address>0x800127d4</load_address>
         <run_address>0x800127d4</run_address>
         <size>0x4</size>
         <input_file_ref idref="fl-24"/>
      </object_component>
      <object_component id="oc-d6">
         <name>.data</name>
         <load_address>0x800127c0</load_address>
         <run_address>0x800127c0</run_address>
         <size>0x8</size>
         <input_file_ref idref="fl-26"/>
      </object_component>
      <object_component id="oc-8c">
         <name>.bss:fnRAMVectors</name>
         <uninitialized>true</uninitialized>
         <run_address>0x80012568</run_address>
         <size>0x200</size>
         <input_file_ref idref="fl-1b"/>
      </object_component>
      <object_component id="oc-121">
         <name>.common:ConsoleType</name>
         <uninitialized>true</uninitialized>
         <run_address>0x80012768</run_address>
         <size>0x1</size>
      </object_component>
      <object_component id="oc-79">
         <name>.const:vecTbl</name>
         <load_address>0x8001276c</load_address>
         <run_address>0x8001276c</run_address>
         <size>0x38</size>
         <input_file_ref idref="fl-18"/>
      </object_component>
      <object_component id="oc-a5">
         <name>.const:.string</name>
         <load_address>0x800127a4</load_address>
         <run_address>0x800127a4</run_address>
         <size>0x14</size>
         <input_file_ref idref="fl-1e"/>
      </object_component>
      <object_component id="oc-76">
         <name>.const</name>
         <load_address>0x800127b8</load_address>
         <run_address>0x800127b8</run_address>
         <size>0x4</size>
         <input_file_ref idref="fl-18"/>
      </object_component>
      <object_component id="oc-a2">
         <name>.const</name>
         <load_address>0x800127bc</load_address>
         <run_address>0x800127bc</run_address>
         <size>0x4</size>
         <input_file_ref idref="fl-1e"/>
      </object_component>
      <object_component id="oc-1b3">
         <name>.cinit.TEMPSENSOR0_text.load</name>
         <load_address>0x800127d8</load_address>
         <run_address>0x800127d8</run_address>
         <size>0x43f</size>
      </object_component>
      <object_component id="oc-1b1">
         <name>.cinit.HW_UART_text.load</name>
         <load_address>0x80012c18</load_address>
         <run_address>0x80012c18</run_address>
         <size>0x243</size>
      </object_component>
      <object_component id="oc-1b5">
         <name>.cinit.TEMPSENSOR1_text.load</name>
         <load_address>0x80012e60</load_address>
         <run_address>0x80012e60</run_address>
         <size>0x20f</size>
      </object_component>
      <object_component id="oc-1b4">
         <name>.cinit.TEMPSENSOR0_data.load</name>
         <load_address>0x80013070</load_address>
         <run_address>0x80013070</run_address>
         <size>0x112</size>
      </object_component>
      <object_component id="oc-1af">
         <name>.cinit.SW_text.load</name>
         <load_address>0x80013188</load_address>
         <run_address>0x80013188</run_address>
         <size>0x77</size>
      </object_component>
      <object_component id="oc-1ab">
         <name>.cinit.LED0_text.load</name>
         <load_address>0x80013200</load_address>
         <run_address>0x80013200</run_address>
         <size>0x6f</size>
      </object_component>
      <object_component id="oc-1ad">
         <name>.cinit.LED1_text.load</name>
         <load_address>0x80013270</load_address>
         <run_address>0x80013270</run_address>
         <size>0x6f</size>
      </object_component>
      <object_component id="oc-1b2">
         <name>.cinit.HW_UART_data.load</name>
         <load_address>0x800132e0</load_address>
         <run_address>0x800132e0</run_address>
         <size>0x64</size>
      </object_component>
      <object_component id="oc-1a9">
         <name>.cinit..data.load</name>
         <load_address>0x80013348</load_address>
         <run_address>0x80013348</run_address>
         <size>0x11</size>
      </object_component>
      <object_component id="oc-1ac">
         <name>.cinit.LED0_data.load</name>
         <load_address>0x80013360</load_address>
         <run_address>0x80013360</run_address>
         <size>0x11</size>
      </object_component>
      <object_component id="oc-1ae">
         <name>.cinit.LED1_data.load</name>
         <load_address>0x80013378</load_address>
         <run_address>0x80013378</run_address>
         <size>0x11</size>
      </object_component>
      <object_component id="oc-1b0">
         <name>.cinit.SW_data.load</name>
         <load_address>0x80013390</load_address>
         <run_address>0x80013390</run_address>
         <size>0x11</size>
      </object_component>
      <object_component id="oc-1b6">
         <name>.cinit.TEMPSENSOR1_data.load</name>
         <load_address>0x800133a8</load_address>
         <run_address>0x800133a8</run_address>
         <size>0x11</size>
      </object_component>
      <object_component id="oc-1a7">
         <name>__TI_handler_table</name>
         <load_address>0x800133bc</load_address>
         <run_address>0x800133bc</run_address>
         <size>0xc</size>
      </object_component>
      <object_component id="oc-1aa">
         <name>.cinit..bss.load</name>
         <load_address>0x800133c8</load_address>
         <run_address>0x800133c8</run_address>
         <size>0x8</size>
      </object_component>
      <object_component id="oc-1a8">
         <name>__TI_cinit_table</name>
         <load_address>0x800133d0</load_address>
         <run_address>0x800133d0</run_address>
         <size>0x70</size>
      </object_component>
      <object_component id="oc-b6">
         <name>.stack</name>
         <uninitialized>true</uninitialized>
         <run_address>0x87fff000</run_address>
         <size>0x0</size>
         <input_file_ref idref="fl-21"/>
      </object_component>
      <object_component id="oc-1b7">
         <name>.stack</name>
         <uninitialized>true</uninitialized>
         <run_address>0x87fff000</run_address>
         <size>0x0</size>
      </object_component>
      <object_component id="oc-45">
         <name>.text</name>
         <load_address>0x80009568</load_address>
         <run_address>0x80009568</run_address>
         <size>0x1000</size>
         <input_file_ref idref="fl-5"/>
      </object_component>
      <object_component id="oc-46">
         <name>.data</name>
         <load_address>0x80008568</load_address>
         <run_address>0x80008568</run_address>
         <size>0x1000</size>
         <input_file_ref idref="fl-5"/>
      </object_component>
      <object_component id="oc-47">
         <name>.text</name>
         <load_address>0x8000b568</load_address>
         <run_address>0x8000b568</run_address>
         <size>0x1000</size>
         <input_file_ref idref="fl-6"/>
      </object_component>
      <object_component id="oc-48">
         <name>.data</name>
         <load_address>0x8000a568</load_address>
         <run_address>0x8000a568</run_address>
         <size>0x1000</size>
         <input_file_ref idref="fl-6"/>
      </object_component>
      <object_component id="oc-49">
         <name>.text</name>
         <load_address>0x8000d568</load_address>
         <run_address>0x8000d568</run_address>
         <size>0x1000</size>
         <input_file_ref idref="fl-7"/>
      </object_component>
      <object_component id="oc-4a">
         <name>.data</name>
         <load_address>0x8000c568</load_address>
         <run_address>0x8000c568</run_address>
         <size>0x1000</size>
         <input_file_ref idref="fl-7"/>
      </object_component>
      <object_component id="oc-43">
         <name>.text</name>
         <load_address>0x80007568</load_address>
         <run_address>0x80007568</run_address>
         <size>0x1000</size>
         <input_file_ref idref="fl-4"/>
      </object_component>
      <object_component id="oc-44">
         <name>.data</name>
         <load_address>0x80006568</load_address>
         <run_address>0x80006568</run_address>
         <size>0x1000</size>
         <input_file_ref idref="fl-4"/>
      </object_component>
      <object_component id="oc-3f">
         <name>.text</name>
         <load_address>0x8000f568</load_address>
         <run_address>0x8000f568</run_address>
         <size>0x1000</size>
         <input_file_ref idref="fl-2"/>
      </object_component>
      <object_component id="oc-40">
         <name>.data</name>
         <load_address>0x8000e568</load_address>
         <run_address>0x8000e568</run_address>
         <size>0x1000</size>
         <input_file_ref idref="fl-2"/>
      </object_component>
      <object_component id="oc-41">
         <name>.text</name>
         <load_address>0x80011568</load_address>
         <run_address>0x80011568</run_address>
         <size>0x1000</size>
         <input_file_ref idref="fl-3"/>
      </object_component>
      <object_component id="oc-42">
         <name>.data</name>
         <load_address>0x80010568</load_address>
         <run_address>0x80010568</run_address>
         <size>0x1000</size>
         <input_file_ref idref="fl-3"/>
      </object_component>
      <object_component id="oc-29">
         <name>.debug_aranges</name>
         <load_address>0x0</load_address>
         <run_address>0x0</run_address>
         <size>0x20</size>
         <input_file_ref idref="fl-17"/>
      </object_component>
      <object_component id="oc-2f">
         <name>.debug_aranges</name>
         <load_address>0x20</load_address>
         <run_address>0x20</run_address>
         <size>0x20</size>
         <input_file_ref idref="fl-12"/>
      </object_component>
      <object_component id="oc-35">
         <name>.debug_aranges</name>
         <load_address>0x40</load_address>
         <run_address>0x40</run_address>
         <size>0x20</size>
         <input_file_ref idref="fl-14"/>
      </object_component>
      <object_component id="oc-3b">
         <name>.debug_aranges</name>
         <load_address>0x60</load_address>
         <run_address>0x60</run_address>
         <size>0x20</size>
         <input_file_ref idref="fl-13"/>
      </object_component>
      <object_component id="oc-4d">
         <name>.debug_aranges</name>
         <load_address>0x80</load_address>
         <run_address>0x80</run_address>
         <size>0x48</size>
         <input_file_ref idref="fl-8"/>
      </object_component>
      <object_component id="oc-53">
         <name>.debug_aranges</name>
         <load_address>0xc8</load_address>
         <run_address>0xc8</run_address>
         <size>0x58</size>
         <input_file_ref idref="fl-9"/>
      </object_component>
      <object_component id="oc-5a">
         <name>.debug_aranges</name>
         <load_address>0x120</load_address>
         <run_address>0x120</run_address>
         <size>0x20</size>
         <input_file_ref idref="fl-13"/>
      </object_component>
      <object_component id="oc-60">
         <name>.debug_aranges</name>
         <load_address>0x140</load_address>
         <run_address>0x140</run_address>
         <size>0x20</size>
         <input_file_ref idref="fl-13"/>
      </object_component>
      <object_component id="oc-67">
         <name>.debug_aranges</name>
         <load_address>0x160</load_address>
         <run_address>0x160</run_address>
         <size>0x20</size>
         <input_file_ref idref="fl-15"/>
      </object_component>
      <object_component id="oc-6c">
         <name>.debug_aranges</name>
         <load_address>0x180</load_address>
         <run_address>0x180</run_address>
         <size>0x28</size>
         <input_file_ref idref="fl-16"/>
      </object_component>
      <object_component id="oc-71">
         <name>.debug_aranges</name>
         <load_address>0x1a8</load_address>
         <run_address>0x1a8</run_address>
         <size>0x28</size>
         <input_file_ref idref="fl-18"/>
      </object_component>
      <object_component id="oc-7d">
         <name>.debug_aranges</name>
         <load_address>0x1d0</load_address>
         <run_address>0x1d0</run_address>
         <size>0x20</size>
         <input_file_ref idref="fl-19"/>
      </object_component>
      <object_component id="oc-83">
         <name>.debug_aranges</name>
         <load_address>0x1f0</load_address>
         <run_address>0x1f0</run_address>
         <size>0x20</size>
         <input_file_ref idref="fl-1a"/>
      </object_component>
      <object_component id="oc-88">
         <name>.debug_aranges</name>
         <load_address>0x210</load_address>
         <run_address>0x210</run_address>
         <size>0x110</size>
         <input_file_ref idref="fl-1b"/>
      </object_component>
      <object_component id="oc-92">
         <name>.debug_aranges</name>
         <load_address>0x320</load_address>
         <run_address>0x320</run_address>
         <size>0x50</size>
         <input_file_ref idref="fl-1c"/>
      </object_component>
      <object_component id="oc-97">
         <name>.debug_aranges</name>
         <load_address>0x370</load_address>
         <run_address>0x370</run_address>
         <size>0x58</size>
         <input_file_ref idref="fl-1d"/>
      </object_component>
      <object_component id="oc-a0">
         <name>.debug_aranges</name>
         <load_address>0x3c8</load_address>
         <run_address>0x3c8</run_address>
         <size>0x88</size>
         <input_file_ref idref="fl-1e"/>
      </object_component>
      <object_component id="oc-a9">
         <name>.debug_aranges</name>
         <load_address>0x450</load_address>
         <run_address>0x450</run_address>
         <size>0x48</size>
         <input_file_ref idref="fl-1f"/>
      </object_component>
      <object_component id="oc-af">
         <name>.debug_aranges</name>
         <load_address>0x498</load_address>
         <run_address>0x498</run_address>
         <size>0x28</size>
         <input_file_ref idref="fl-20"/>
      </object_component>
      <object_component id="oc-b3">
         <name>.debug_aranges</name>
         <load_address>0x4c0</load_address>
         <run_address>0x4c0</run_address>
         <size>0x20</size>
         <input_file_ref idref="fl-21"/>
      </object_component>
      <object_component id="oc-ba">
         <name>.debug_aranges</name>
         <load_address>0x4e0</load_address>
         <run_address>0x4e0</run_address>
         <size>0x20</size>
         <input_file_ref idref="fl-22"/>
      </object_component>
      <object_component id="oc-c2">
         <name>.debug_aranges</name>
         <load_address>0x500</load_address>
         <run_address>0x500</run_address>
         <size>0x30</size>
         <input_file_ref idref="fl-23"/>
      </object_component>
      <object_component id="oc-ce">
         <name>.debug_aranges</name>
         <load_address>0x530</load_address>
         <run_address>0x530</run_address>
         <size>0x28</size>
         <input_file_ref idref="fl-25"/>
      </object_component>
      <object_component id="oc-d2">
         <name>.debug_aranges</name>
         <load_address>0x558</load_address>
         <run_address>0x558</run_address>
         <size>0x30</size>
         <input_file_ref idref="fl-26"/>
      </object_component>
      <object_component id="oc-db">
         <name>.debug_aranges</name>
         <load_address>0x588</load_address>
         <run_address>0x588</run_address>
         <size>0x20</size>
         <input_file_ref idref="fl-27"/>
      </object_component>
      <object_component id="oc-e1">
         <name>.debug_aranges</name>
         <load_address>0x5a8</load_address>
         <run_address>0x5a8</run_address>
         <size>0x48</size>
         <input_file_ref idref="fl-28"/>
      </object_component>
      <object_component id="oc-e6">
         <name>.debug_aranges</name>
         <load_address>0x5f0</load_address>
         <run_address>0x5f0</run_address>
         <size>0x38</size>
         <input_file_ref idref="fl-29"/>
      </object_component>
      <object_component id="oc-f0">
         <name>.debug_aranges</name>
         <load_address>0x628</load_address>
         <run_address>0x628</run_address>
         <size>0x268</size>
         <input_file_ref idref="fl-2a"/>
      </object_component>
      <object_component id="oc-2a">
         <name>.debug_line</name>
         <load_address>0x0</load_address>
         <run_address>0x0</run_address>
         <size>0x97</size>
         <input_file_ref idref="fl-17"/>
      </object_component>
      <object_component id="oc-31">
         <name>.debug_line</name>
         <load_address>0x97</load_address>
         <run_address>0x97</run_address>
         <size>0x52</size>
         <input_file_ref idref="fl-12"/>
      </object_component>
      <object_component id="oc-37">
         <name>.debug_line</name>
         <load_address>0xe9</load_address>
         <run_address>0xe9</run_address>
         <size>0x49</size>
         <input_file_ref idref="fl-14"/>
      </object_component>
      <object_component id="oc-3d">
         <name>.debug_line</name>
         <load_address>0x132</load_address>
         <run_address>0x132</run_address>
         <size>0x4b</size>
         <input_file_ref idref="fl-13"/>
      </object_component>
      <object_component id="oc-4f">
         <name>.debug_line</name>
         <load_address>0x17d</load_address>
         <run_address>0x17d</run_address>
         <size>0x117</size>
         <input_file_ref idref="fl-8"/>
      </object_component>
      <object_component id="oc-55">
         <name>.debug_line</name>
         <load_address>0x294</load_address>
         <run_address>0x294</run_address>
         <size>0x255</size>
         <input_file_ref idref="fl-9"/>
      </object_component>
      <object_component id="oc-5c">
         <name>.debug_line</name>
         <load_address>0x4e9</load_address>
         <run_address>0x4e9</run_address>
         <size>0x86</size>
         <input_file_ref idref="fl-13"/>
      </object_component>
      <object_component id="oc-62">
         <name>.debug_line</name>
         <load_address>0x56f</load_address>
         <run_address>0x56f</run_address>
         <size>0x4b</size>
         <input_file_ref idref="fl-13"/>
      </object_component>
      <object_component id="oc-69">
         <name>.debug_line</name>
         <load_address>0x5ba</load_address>
         <run_address>0x5ba</run_address>
         <size>0x9a</size>
         <input_file_ref idref="fl-15"/>
      </object_component>
      <object_component id="oc-6e">
         <name>.debug_line</name>
         <load_address>0x654</load_address>
         <run_address>0x654</run_address>
         <size>0x73</size>
         <input_file_ref idref="fl-16"/>
      </object_component>
      <object_component id="oc-73">
         <name>.debug_line</name>
         <load_address>0x6c7</load_address>
         <run_address>0x6c7</run_address>
         <size>0xaa</size>
         <input_file_ref idref="fl-18"/>
      </object_component>
      <object_component id="oc-80">
         <name>.debug_line</name>
         <load_address>0x771</load_address>
         <run_address>0x771</run_address>
         <size>0x189</size>
         <input_file_ref idref="fl-19"/>
      </object_component>
      <object_component id="oc-85">
         <name>.debug_line</name>
         <load_address>0x8fa</load_address>
         <run_address>0x8fa</run_address>
         <size>0xb6</size>
         <input_file_ref idref="fl-1a"/>
      </object_component>
      <object_component id="oc-8a">
         <name>.debug_line</name>
         <load_address>0x9b0</load_address>
         <run_address>0x9b0</run_address>
         <size>0x3bd</size>
         <input_file_ref idref="fl-1b"/>
      </object_component>
      <object_component id="oc-90">
         <name>.debug_line</name>
         <load_address>0xd6d</load_address>
         <run_address>0xd6d</run_address>
         <size>0x10e</size>
         <input_file_ref idref="fl-1c"/>
      </object_component>
      <object_component id="oc-99">
         <name>.debug_line</name>
         <load_address>0xe7b</load_address>
         <run_address>0xe7b</run_address>
         <size>0x186</size>
         <input_file_ref idref="fl-1d"/>
      </object_component>
      <object_component id="oc-9d">
         <name>.debug_line</name>
         <load_address>0x1001</load_address>
         <run_address>0x1001</run_address>
         <size>0x67f</size>
         <input_file_ref idref="fl-1e"/>
      </object_component>
      <object_component id="oc-a7">
         <name>.debug_line</name>
         <load_address>0x1680</load_address>
         <run_address>0x1680</run_address>
         <size>0x1d7</size>
         <input_file_ref idref="fl-1f"/>
      </object_component>
      <object_component id="oc-b0">
         <name>.debug_line</name>
         <load_address>0x1857</load_address>
         <run_address>0x1857</run_address>
         <size>0x7d</size>
         <input_file_ref idref="fl-20"/>
      </object_component>
      <object_component id="oc-b5">
         <name>.debug_line</name>
         <load_address>0x18d4</load_address>
         <run_address>0x18d4</run_address>
         <size>0x4e</size>
         <input_file_ref idref="fl-21"/>
      </object_component>
      <object_component id="oc-bc">
         <name>.debug_line</name>
         <load_address>0x1922</load_address>
         <run_address>0x1922</run_address>
         <size>0x63</size>
         <input_file_ref idref="fl-22"/>
      </object_component>
      <object_component id="oc-c0">
         <name>.debug_line</name>
         <load_address>0x1985</load_address>
         <run_address>0x1985</run_address>
         <size>0x80</size>
         <input_file_ref idref="fl-23"/>
      </object_component>
      <object_component id="oc-cc">
         <name>.debug_line</name>
         <load_address>0x1a05</load_address>
         <run_address>0x1a05</run_address>
         <size>0x86</size>
         <input_file_ref idref="fl-25"/>
      </object_component>
      <object_component id="oc-d4">
         <name>.debug_line</name>
         <load_address>0x1a8b</load_address>
         <run_address>0x1a8b</run_address>
         <size>0x64</size>
         <input_file_ref idref="fl-26"/>
      </object_component>
      <object_component id="oc-dd">
         <name>.debug_line</name>
         <load_address>0x1aef</load_address>
         <run_address>0x1aef</run_address>
         <size>0x53</size>
         <input_file_ref idref="fl-27"/>
      </object_component>
      <object_component id="oc-e3">
         <name>.debug_line</name>
         <load_address>0x1b42</load_address>
         <run_address>0x1b42</run_address>
         <size>0x10d</size>
         <input_file_ref idref="fl-28"/>
      </object_component>
      <object_component id="oc-e9">
         <name>.debug_line</name>
         <load_address>0x1c4f</load_address>
         <run_address>0x1c4f</run_address>
         <size>0x15a</size>
         <input_file_ref idref="fl-29"/>
      </object_component>
      <object_component id="oc-ed">
         <name>.debug_line</name>
         <load_address>0x1da9</load_address>
         <run_address>0x1da9</run_address>
         <size>0xa7a</size>
         <input_file_ref idref="fl-2a"/>
      </object_component>
      <object_component id="oc-f6">
         <name>.debug_line</name>
         <load_address>0x2823</load_address>
         <run_address>0x2823</run_address>
         <size>0x3a</size>
         <input_file_ref idref="fl-12"/>
      </object_component>
      <object_component id="oc-fd">
         <name>.debug_line</name>
         <load_address>0x285d</load_address>
         <run_address>0x285d</run_address>
         <size>0x34</size>
         <input_file_ref idref="fl-14"/>
      </object_component>
      <object_component id="oc-105">
         <name>.debug_line</name>
         <load_address>0x2891</load_address>
         <run_address>0x2891</run_address>
         <size>0x39</size>
         <input_file_ref idref="fl-13"/>
      </object_component>
      <object_component id="oc-10b">
         <name>.debug_line</name>
         <load_address>0x28ca</load_address>
         <run_address>0x28ca</run_address>
         <size>0x20</size>
         <input_file_ref idref="fl-8"/>
      </object_component>
      <object_component id="oc-117">
         <name>.debug_line</name>
         <load_address>0x28ea</load_address>
         <run_address>0x28ea</run_address>
         <size>0x61</size>
         <input_file_ref idref="fl-18"/>
      </object_component>
      <object_component id="oc-119">
         <name>.debug_line</name>
         <load_address>0x294b</load_address>
         <run_address>0x294b</run_address>
         <size>0x61</size>
         <input_file_ref idref="fl-18"/>
      </object_component>
      <object_component id="oc-11f">
         <name>.debug_line</name>
         <load_address>0x29ac</load_address>
         <run_address>0x29ac</run_address>
         <size>0x63</size>
         <input_file_ref idref="fl-1b"/>
      </object_component>
      <object_component id="oc-128">
         <name>.debug_line</name>
         <load_address>0x2a0f</load_address>
         <run_address>0x2a0f</run_address>
         <size>0x5f</size>
         <input_file_ref idref="fl-9"/>
      </object_component>
      <object_component id="oc-12d">
         <name>.debug_line</name>
         <load_address>0x2a6e</load_address>
         <run_address>0x2a6e</run_address>
         <size>0x59</size>
         <input_file_ref idref="fl-9"/>
      </object_component>
      <object_component id="oc-132">
         <name>.debug_line</name>
         <load_address>0x2ac7</load_address>
         <run_address>0x2ac7</run_address>
         <size>0x4d</size>
         <input_file_ref idref="fl-1e"/>
      </object_component>
      <object_component id="oc-13d">
         <name>.debug_line</name>
         <load_address>0x2b14</load_address>
         <run_address>0x2b14</run_address>
         <size>0x2a</size>
         <input_file_ref idref="fl-23"/>
      </object_component>
      <object_component id="oc-13f">
         <name>.debug_line</name>
         <load_address>0x2b3e</load_address>
         <run_address>0x2b3e</run_address>
         <size>0x33</size>
         <input_file_ref idref="fl-24"/>
      </object_component>
      <object_component id="oc-145">
         <name>.debug_line</name>
         <load_address>0x2b71</load_address>
         <run_address>0x2b71</run_address>
         <size>0x2b</size>
         <input_file_ref idref="fl-26"/>
      </object_component>
      <object_component id="oc-14f">
         <name>.debug_line</name>
         <load_address>0x2b9c</load_address>
         <run_address>0x2b9c</run_address>
         <size>0x59</size>
         <input_file_ref idref="fl-12"/>
      </object_component>
      <object_component id="oc-152">
         <name>.debug_line</name>
         <load_address>0x2bf5</load_address>
         <run_address>0x2bf5</run_address>
         <size>0x20</size>
         <input_file_ref idref="fl-12"/>
      </object_component>
      <object_component id="oc-156">
         <name>.debug_line</name>
         <load_address>0x2c15</load_address>
         <run_address>0x2c15</run_address>
         <size>0x59</size>
         <input_file_ref idref="fl-8"/>
      </object_component>
      <object_component id="oc-159">
         <name>.debug_line</name>
         <load_address>0x2c6e</load_address>
         <run_address>0x2c6e</run_address>
         <size>0x20</size>
         <input_file_ref idref="fl-14"/>
      </object_component>
      <object_component id="oc-15b">
         <name>.debug_line</name>
         <load_address>0x2c8e</load_address>
         <run_address>0x2c8e</run_address>
         <size>0x20</size>
         <input_file_ref idref="fl-13"/>
      </object_component>
      <object_component id="oc-15d">
         <name>.debug_line</name>
         <load_address>0x2cae</load_address>
         <run_address>0x2cae</run_address>
         <size>0x59</size>
         <input_file_ref idref="fl-8"/>
      </object_component>
      <object_component id="oc-15f">
         <name>.debug_line</name>
         <load_address>0x2d07</load_address>
         <run_address>0x2d07</run_address>
         <size>0x81</size>
         <input_file_ref idref="fl-9"/>
      </object_component>
      <object_component id="oc-163">
         <name>.debug_line</name>
         <load_address>0x2d88</load_address>
         <run_address>0x2d88</run_address>
         <size>0x5e</size>
         <input_file_ref idref="fl-9"/>
      </object_component>
      <object_component id="oc-166">
         <name>.debug_line</name>
         <load_address>0x2de6</load_address>
         <run_address>0x2de6</run_address>
         <size>0x8c</size>
         <input_file_ref idref="fl-18"/>
      </object_component>
      <object_component id="oc-168">
         <name>.debug_line</name>
         <load_address>0x2e72</load_address>
         <run_address>0x2e72</run_address>
         <size>0x4a</size>
         <input_file_ref idref="fl-1b"/>
      </object_component>
      <object_component id="oc-16a">
         <name>.debug_line</name>
         <load_address>0x2ebc</load_address>
         <run_address>0x2ebc</run_address>
         <size>0x76</size>
         <input_file_ref idref="fl-1d"/>
      </object_component>
      <object_component id="oc-16c">
         <name>.debug_line</name>
         <load_address>0x2f32</load_address>
         <run_address>0x2f32</run_address>
         <size>0x6f</size>
         <input_file_ref idref="fl-1e"/>
      </object_component>
      <object_component id="oc-16e">
         <name>.debug_line</name>
         <load_address>0x2fa1</load_address>
         <run_address>0x2fa1</run_address>
         <size>0x20</size>
         <input_file_ref idref="fl-1f"/>
      </object_component>
      <object_component id="oc-170">
         <name>.debug_line</name>
         <load_address>0x2fc1</load_address>
         <run_address>0x2fc1</run_address>
         <size>0x66</size>
         <input_file_ref idref="fl-22"/>
      </object_component>
      <object_component id="oc-174">
         <name>.debug_line</name>
         <load_address>0x3027</load_address>
         <run_address>0x3027</run_address>
         <size>0x5a</size>
         <input_file_ref idref="fl-22"/>
      </object_component>
      <object_component id="oc-177">
         <name>.debug_line</name>
         <load_address>0x3081</load_address>
         <run_address>0x3081</run_address>
         <size>0x58</size>
         <input_file_ref idref="fl-23"/>
      </object_component>
      <object_component id="oc-179">
         <name>.debug_line</name>
         <load_address>0x30d9</load_address>
         <run_address>0x30d9</run_address>
         <size>0x20</size>
         <input_file_ref idref="fl-26"/>
      </object_component>
      <object_component id="oc-17b">
         <name>.debug_line</name>
         <load_address>0x30f9</load_address>
         <run_address>0x30f9</run_address>
         <size>0x2b</size>
         <input_file_ref idref="fl-27"/>
      </object_component>
      <object_component id="oc-17f">
         <name>.debug_line</name>
         <load_address>0x3124</load_address>
         <run_address>0x3124</run_address>
         <size>0x2b</size>
         <input_file_ref idref="fl-27"/>
      </object_component>
      <object_component id="oc-182">
         <name>.debug_line</name>
         <load_address>0x314f</load_address>
         <run_address>0x314f</run_address>
         <size>0x20</size>
         <input_file_ref idref="fl-2a"/>
      </object_component>
      <object_component id="oc-2b">
         <name>.debug_info</name>
         <load_address>0x0</load_address>
         <run_address>0x0</run_address>
         <size>0x164</size>
         <input_file_ref idref="fl-17"/>
      </object_component>
      <object_component id="oc-2e">
         <name>.debug_info</name>
         <load_address>0x164</load_address>
         <run_address>0x164</run_address>
         <size>0x1a7</size>
         <input_file_ref idref="fl-12"/>
      </object_component>
      <object_component id="oc-34">
         <name>.debug_info</name>
         <load_address>0x30b</load_address>
         <run_address>0x30b</run_address>
         <size>0x17d</size>
         <input_file_ref idref="fl-14"/>
      </object_component>
      <object_component id="oc-3a">
         <name>.debug_info</name>
         <load_address>0x488</load_address>
         <run_address>0x488</run_address>
         <size>0x1a1</size>
         <input_file_ref idref="fl-13"/>
      </object_component>
      <object_component id="oc-4c">
         <name>.debug_info</name>
         <load_address>0x629</load_address>
         <run_address>0x629</run_address>
         <size>0x5f4</size>
         <input_file_ref idref="fl-8"/>
      </object_component>
      <object_component id="oc-52">
         <name>.debug_info</name>
         <load_address>0xc1d</load_address>
         <run_address>0xc1d</run_address>
         <size>0xd34</size>
         <input_file_ref idref="fl-9"/>
      </object_component>
      <object_component id="oc-59">
         <name>.debug_info</name>
         <load_address>0x1951</load_address>
         <run_address>0x1951</run_address>
         <size>0x202</size>
         <input_file_ref idref="fl-13"/>
      </object_component>
      <object_component id="oc-5f">
         <name>.debug_info</name>
         <load_address>0x1b53</load_address>
         <run_address>0x1b53</run_address>
         <size>0x19d</size>
         <input_file_ref idref="fl-13"/>
      </object_component>
      <object_component id="oc-66">
         <name>.debug_info</name>
         <load_address>0x1cf0</load_address>
         <run_address>0x1cf0</run_address>
         <size>0x14a</size>
         <input_file_ref idref="fl-15"/>
      </object_component>
      <object_component id="oc-6b">
         <name>.debug_info</name>
         <load_address>0x1e3a</load_address>
         <run_address>0x1e3a</run_address>
         <size>0x114</size>
         <input_file_ref idref="fl-16"/>
      </object_component>
      <object_component id="oc-74">
         <name>.debug_info</name>
         <load_address>0x1f4e</load_address>
         <run_address>0x1f4e</run_address>
         <size>0x2d2</size>
         <input_file_ref idref="fl-18"/>
      </object_component>
      <object_component id="oc-77">
         <name>.debug_info</name>
         <load_address>0x2220</load_address>
         <run_address>0x2220</run_address>
         <size>0x127</size>
         <input_file_ref idref="fl-18"/>
      </object_component>
      <object_component id="oc-7a">
         <name>.debug_info</name>
         <load_address>0x2347</load_address>
         <run_address>0x2347</run_address>
         <size>0x10e</size>
         <input_file_ref idref="fl-18"/>
      </object_component>
      <object_component id="oc-7e">
         <name>.debug_info</name>
         <load_address>0x2455</load_address>
         <run_address>0x2455</run_address>
         <size>0x269</size>
         <input_file_ref idref="fl-19"/>
      </object_component>
      <object_component id="oc-82">
         <name>.debug_info</name>
         <load_address>0x26be</load_address>
         <run_address>0x26be</run_address>
         <size>0x17f</size>
         <input_file_ref idref="fl-1a"/>
      </object_component>
      <object_component id="oc-87">
         <name>.debug_info</name>
         <load_address>0x283d</load_address>
         <run_address>0x283d</run_address>
         <size>0x1c5e</size>
         <input_file_ref idref="fl-1b"/>
      </object_component>
      <object_component id="oc-8d">
         <name>.debug_info</name>
         <load_address>0x449b</load_address>
         <run_address>0x449b</run_address>
         <size>0x11d</size>
         <input_file_ref idref="fl-1b"/>
      </object_component>
      <object_component id="oc-91">
         <name>.debug_info</name>
         <load_address>0x45b8</load_address>
         <run_address>0x45b8</run_address>
         <size>0x57c</size>
         <input_file_ref idref="fl-1c"/>
      </object_component>
      <object_component id="oc-9a">
         <name>.debug_info</name>
         <load_address>0x4b34</load_address>
         <run_address>0x4b34</run_address>
         <size>0x864</size>
         <input_file_ref idref="fl-1d"/>
      </object_component>
      <object_component id="oc-9f">
         <name>.debug_info</name>
         <load_address>0x5398</load_address>
         <run_address>0x5398</run_address>
         <size>0x15a2</size>
         <input_file_ref idref="fl-1e"/>
      </object_component>
      <object_component id="oc-a3">
         <name>.debug_info</name>
         <load_address>0x693a</load_address>
         <run_address>0x693a</run_address>
         <size>0xed</size>
         <input_file_ref idref="fl-1e"/>
      </object_component>
      <object_component id="oc-a8">
         <name>.debug_info</name>
         <load_address>0x6a27</load_address>
         <run_address>0x6a27</run_address>
         <size>0x80a</size>
         <input_file_ref idref="fl-1f"/>
      </object_component>
      <object_component id="oc-ad">
         <name>.debug_info</name>
         <load_address>0x7231</load_address>
         <run_address>0x7231</run_address>
         <size>0x153</size>
         <input_file_ref idref="fl-20"/>
      </object_component>
      <object_component id="oc-b2">
         <name>.debug_info</name>
         <load_address>0x7384</load_address>
         <run_address>0x7384</run_address>
         <size>0x106</size>
         <input_file_ref idref="fl-21"/>
      </object_component>
      <object_component id="oc-b9">
         <name>.debug_info</name>
         <load_address>0x748a</load_address>
         <run_address>0x748a</run_address>
         <size>0x15e</size>
         <input_file_ref idref="fl-22"/>
      </object_component>
      <object_component id="oc-c1">
         <name>.debug_info</name>
         <load_address>0x75e8</load_address>
         <run_address>0x75e8</run_address>
         <size>0x1d5</size>
         <input_file_ref idref="fl-23"/>
      </object_component>
      <object_component id="oc-c5">
         <name>.debug_info</name>
         <load_address>0x77bd</load_address>
         <run_address>0x77bd</run_address>
         <size>0xfe</size>
         <input_file_ref idref="fl-23"/>
      </object_component>
      <object_component id="oc-c9">
         <name>.debug_info</name>
         <load_address>0x78bb</load_address>
         <run_address>0x78bb</run_address>
         <size>0xd1</size>
         <input_file_ref idref="fl-24"/>
      </object_component>
      <object_component id="oc-cd">
         <name>.debug_info</name>
         <load_address>0x798c</load_address>
         <run_address>0x798c</run_address>
         <size>0x150</size>
         <input_file_ref idref="fl-25"/>
      </object_component>
      <object_component id="oc-d1">
         <name>.debug_info</name>
         <load_address>0x7adc</load_address>
         <run_address>0x7adc</run_address>
         <size>0x1e7</size>
         <input_file_ref idref="fl-26"/>
      </object_component>
      <object_component id="oc-d7">
         <name>.debug_info</name>
         <load_address>0x7cc3</load_address>
         <run_address>0x7cc3</run_address>
         <size>0xdb</size>
         <input_file_ref idref="fl-26"/>
      </object_component>
      <object_component id="oc-da">
         <name>.debug_info</name>
         <load_address>0x7d9e</load_address>
         <run_address>0x7d9e</run_address>
         <size>0x12f</size>
         <input_file_ref idref="fl-27"/>
      </object_component>
      <object_component id="oc-e0">
         <name>.debug_info</name>
         <load_address>0x7ecd</load_address>
         <run_address>0x7ecd</run_address>
         <size>0x87c</size>
         <input_file_ref idref="fl-28"/>
      </object_component>
      <object_component id="oc-e7">
         <name>.debug_info</name>
         <load_address>0x8749</load_address>
         <run_address>0x8749</run_address>
         <size>0x3e5</size>
         <input_file_ref idref="fl-29"/>
      </object_component>
      <object_component id="oc-ee">
         <name>.debug_info</name>
         <load_address>0x8b2e</load_address>
         <run_address>0x8b2e</run_address>
         <size>0x5bfd</size>
         <input_file_ref idref="fl-2a"/>
      </object_component>
      <object_component id="oc-f3">
         <name>.debug_info</name>
         <load_address>0xe72b</load_address>
         <run_address>0xe72b</run_address>
         <size>0x46</size>
         <input_file_ref idref="fl-12"/>
      </object_component>
      <object_component id="oc-f8">
         <name>.debug_info</name>
         <load_address>0xe771</load_address>
         <run_address>0xe771</run_address>
         <size>0x105</size>
         <input_file_ref idref="fl-12"/>
      </object_component>
      <object_component id="oc-fa">
         <name>.debug_info</name>
         <load_address>0xe876</load_address>
         <run_address>0xe876</run_address>
         <size>0x46</size>
         <input_file_ref idref="fl-14"/>
      </object_component>
      <object_component id="oc-ff">
         <name>.debug_info</name>
         <load_address>0xe8bc</load_address>
         <run_address>0xe8bc</run_address>
         <size>0xc0</size>
         <input_file_ref idref="fl-14"/>
      </object_component>
      <object_component id="oc-101">
         <name>.debug_info</name>
         <load_address>0xe97c</load_address>
         <run_address>0xe97c</run_address>
         <size>0xca</size>
         <input_file_ref idref="fl-13"/>
      </object_component>
      <object_component id="oc-102">
         <name>.debug_info</name>
         <load_address>0xea46</load_address>
         <run_address>0xea46</run_address>
         <size>0x39</size>
         <input_file_ref idref="fl-13"/>
      </object_component>
      <object_component id="oc-108">
         <name>.debug_info</name>
         <load_address>0xea7f</load_address>
         <run_address>0xea7f</run_address>
         <size>0x84</size>
         <input_file_ref idref="fl-8"/>
      </object_component>
      <object_component id="oc-10d">
         <name>.debug_info</name>
         <load_address>0xeb03</load_address>
         <run_address>0xeb03</run_address>
         <size>0x127</size>
         <input_file_ref idref="fl-8"/>
      </object_component>
      <object_component id="oc-10f">
         <name>.debug_info</name>
         <load_address>0xec2a</load_address>
         <run_address>0xec2a</run_address>
         <size>0x3d7</size>
         <input_file_ref idref="fl-9"/>
      </object_component>
      <object_component id="oc-115">
         <name>.debug_info</name>
         <load_address>0xf001</load_address>
         <run_address>0xf001</run_address>
         <size>0x211</size>
         <input_file_ref idref="fl-18"/>
      </object_component>
      <object_component id="oc-11d">
         <name>.debug_info</name>
         <load_address>0xf212</load_address>
         <run_address>0xf212</run_address>
         <size>0x18d</size>
         <input_file_ref idref="fl-1b"/>
      </object_component>
      <object_component id="oc-122">
         <name>.debug_info</name>
         <load_address>0xf39f</load_address>
         <run_address>0xf39f</run_address>
         <size>0x223</size>
         <input_file_ref idref="fl-1d"/>
      </object_component>
      <object_component id="oc-125">
         <name>.debug_info</name>
         <load_address>0xf5c2</load_address>
         <run_address>0xf5c2</run_address>
         <size>0x48</size>
         <input_file_ref idref="fl-9"/>
      </object_component>
      <object_component id="oc-12a">
         <name>.debug_info</name>
         <load_address>0xf60a</load_address>
         <run_address>0xf60a</run_address>
         <size>0x4e</size>
         <input_file_ref idref="fl-9"/>
      </object_component>
      <object_component id="oc-130">
         <name>.debug_info</name>
         <load_address>0xf658</load_address>
         <run_address>0xf658</run_address>
         <size>0x1fd</size>
         <input_file_ref idref="fl-1e"/>
      </object_component>
      <object_component id="oc-134">
         <name>.debug_info</name>
         <load_address>0xf855</load_address>
         <run_address>0xf855</run_address>
         <size>0xd7</size>
         <input_file_ref idref="fl-1f"/>
      </object_component>
      <object_component id="oc-138">
         <name>.debug_info</name>
         <load_address>0xf92c</load_address>
         <run_address>0xf92c</run_address>
         <size>0x15b</size>
         <input_file_ref idref="fl-22"/>
      </object_component>
      <object_component id="oc-13a">
         <name>.debug_info</name>
         <load_address>0xfa87</load_address>
         <run_address>0xfa87</run_address>
         <size>0x159</size>
         <input_file_ref idref="fl-23"/>
      </object_component>
      <object_component id="oc-142">
         <name>.debug_info</name>
         <load_address>0xfbe0</load_address>
         <run_address>0xfbe0</run_address>
         <size>0xec</size>
         <input_file_ref idref="fl-26"/>
      </object_component>
      <object_component id="oc-147">
         <name>.debug_info</name>
         <load_address>0xfccc</load_address>
         <run_address>0xfccc</run_address>
         <size>0x12e</size>
         <input_file_ref idref="fl-27"/>
      </object_component>
      <object_component id="oc-14b">
         <name>.debug_info</name>
         <load_address>0xfdfa</load_address>
         <run_address>0xfdfa</run_address>
         <size>0xef</size>
         <input_file_ref idref="fl-2a"/>
      </object_component>
      <object_component id="oc-14c">
         <name>.debug_info</name>
         <load_address>0xfee9</load_address>
         <run_address>0xfee9</run_address>
         <size>0x2c</size>
         <input_file_ref idref="fl-12"/>
      </object_component>
      <object_component id="oc-153">
         <name>.debug_info</name>
         <load_address>0xff15</load_address>
         <run_address>0xff15</run_address>
         <size>0x2c</size>
         <input_file_ref idref="fl-8"/>
      </object_component>
      <object_component id="oc-160">
         <name>.debug_info</name>
         <load_address>0xff41</load_address>
         <run_address>0xff41</run_address>
         <size>0xba</size>
         <input_file_ref idref="fl-9"/>
      </object_component>
      <object_component id="oc-171">
         <name>.debug_info</name>
         <load_address>0xfffb</load_address>
         <run_address>0xfffb</run_address>
         <size>0xcd</size>
         <input_file_ref idref="fl-22"/>
      </object_component>
      <object_component id="oc-17c">
         <name>.debug_info</name>
         <load_address>0x100c8</load_address>
         <run_address>0x100c8</run_address>
         <size>0x5e</size>
         <input_file_ref idref="fl-27"/>
      </object_component>
      <object_component id="oc-1cf">
         <name>.debug_info</name>
         <load_address>0x10126</load_address>
         <run_address>0x10126</run_address>
         <size>0xea</size>
      </object_component>
      <object_component id="oc-2c">
         <name>.debug_pubnames</name>
         <load_address>0x0</load_address>
         <run_address>0x0</run_address>
         <size>0x59</size>
         <input_file_ref idref="fl-17"/>
      </object_component>
      <object_component id="oc-30">
         <name>.debug_pubnames</name>
         <load_address>0x59</load_address>
         <run_address>0x59</run_address>
         <size>0x2b</size>
         <input_file_ref idref="fl-12"/>
      </object_component>
      <object_component id="oc-36">
         <name>.debug_pubnames</name>
         <load_address>0x84</load_address>
         <run_address>0x84</run_address>
         <size>0x25</size>
         <input_file_ref idref="fl-14"/>
      </object_component>
      <object_component id="oc-3c">
         <name>.debug_pubnames</name>
         <load_address>0xa9</load_address>
         <run_address>0xa9</run_address>
         <size>0x2c</size>
         <input_file_ref idref="fl-13"/>
      </object_component>
      <object_component id="oc-4e">
         <name>.debug_pubnames</name>
         <load_address>0xd5</load_address>
         <run_address>0xd5</run_address>
         <size>0x6b</size>
         <input_file_ref idref="fl-8"/>
      </object_component>
      <object_component id="oc-54">
         <name>.debug_pubnames</name>
         <load_address>0x140</load_address>
         <run_address>0x140</run_address>
         <size>0x7b</size>
         <input_file_ref idref="fl-9"/>
      </object_component>
      <object_component id="oc-5b">
         <name>.debug_pubnames</name>
         <load_address>0x1bb</load_address>
         <run_address>0x1bb</run_address>
         <size>0x2f</size>
         <input_file_ref idref="fl-13"/>
      </object_component>
      <object_component id="oc-61">
         <name>.debug_pubnames</name>
         <load_address>0x1ea</load_address>
         <run_address>0x1ea</run_address>
         <size>0x2a</size>
         <input_file_ref idref="fl-13"/>
      </object_component>
      <object_component id="oc-68">
         <name>.debug_pubnames</name>
         <load_address>0x214</load_address>
         <run_address>0x214</run_address>
         <size>0x1d</size>
         <input_file_ref idref="fl-15"/>
      </object_component>
      <object_component id="oc-6d">
         <name>.debug_pubnames</name>
         <load_address>0x231</load_address>
         <run_address>0x231</run_address>
         <size>0x37</size>
         <input_file_ref idref="fl-16"/>
      </object_component>
      <object_component id="oc-75">
         <name>.debug_pubnames</name>
         <load_address>0x268</load_address>
         <run_address>0x268</run_address>
         <size>0x35</size>
         <input_file_ref idref="fl-18"/>
      </object_component>
      <object_component id="oc-78">
         <name>.debug_pubnames</name>
         <load_address>0x29d</load_address>
         <run_address>0x29d</run_address>
         <size>0x29</size>
         <input_file_ref idref="fl-18"/>
      </object_component>
      <object_component id="oc-7b">
         <name>.debug_pubnames</name>
         <load_address>0x2c6</load_address>
         <run_address>0x2c6</run_address>
         <size>0x1d</size>
         <input_file_ref idref="fl-18"/>
      </object_component>
      <object_component id="oc-7f">
         <name>.debug_pubnames</name>
         <load_address>0x2e3</load_address>
         <run_address>0x2e3</run_address>
         <size>0x59</size>
         <input_file_ref idref="fl-19"/>
      </object_component>
      <object_component id="oc-84">
         <name>.debug_pubnames</name>
         <load_address>0x33c</load_address>
         <run_address>0x33c</run_address>
         <size>0x6c</size>
         <input_file_ref idref="fl-1a"/>
      </object_component>
      <object_component id="oc-89">
         <name>.debug_pubnames</name>
         <load_address>0x3a8</load_address>
         <run_address>0x3a8</run_address>
         <size>0x2d1</size>
         <input_file_ref idref="fl-1b"/>
      </object_component>
      <object_component id="oc-8e">
         <name>.debug_pubnames</name>
         <load_address>0x679</load_address>
         <run_address>0x679</run_address>
         <size>0x23</size>
         <input_file_ref idref="fl-1b"/>
      </object_component>
      <object_component id="oc-93">
         <name>.debug_pubnames</name>
         <load_address>0x69c</load_address>
         <run_address>0x69c</run_address>
         <size>0x8c</size>
         <input_file_ref idref="fl-1c"/>
      </object_component>
      <object_component id="oc-9b">
         <name>.debug_pubnames</name>
         <load_address>0x728</load_address>
         <run_address>0x728</run_address>
         <size>0xc6</size>
         <input_file_ref idref="fl-1d"/>
      </object_component>
      <object_component id="oc-a1">
         <name>.debug_pubnames</name>
         <load_address>0x7ee</load_address>
         <run_address>0x7ee</run_address>
         <size>0xe6</size>
         <input_file_ref idref="fl-1e"/>
      </object_component>
      <object_component id="oc-a4">
         <name>.debug_pubnames</name>
         <load_address>0x8d4</load_address>
         <run_address>0x8d4</run_address>
         <size>0x1e</size>
         <input_file_ref idref="fl-1e"/>
      </object_component>
      <object_component id="oc-aa">
         <name>.debug_pubnames</name>
         <load_address>0x8f2</load_address>
         <run_address>0x8f2</run_address>
         <size>0x74</size>
         <input_file_ref idref="fl-1f"/>
      </object_component>
      <object_component id="oc-ae">
         <name>.debug_pubnames</name>
         <load_address>0x966</load_address>
         <run_address>0x966</run_address>
         <size>0x37</size>
         <input_file_ref idref="fl-20"/>
      </object_component>
      <object_component id="oc-b4">
         <name>.debug_pubnames</name>
         <load_address>0x99d</load_address>
         <run_address>0x99d</run_address>
         <size>0x1f</size>
         <input_file_ref idref="fl-21"/>
      </object_component>
      <object_component id="oc-bb">
         <name>.debug_pubnames</name>
         <load_address>0x9bc</load_address>
         <run_address>0x9bc</run_address>
         <size>0x1e</size>
         <input_file_ref idref="fl-22"/>
      </object_component>
      <object_component id="oc-c3">
         <name>.debug_pubnames</name>
         <load_address>0x9da</load_address>
         <run_address>0x9da</run_address>
         <size>0x35</size>
         <input_file_ref idref="fl-23"/>
      </object_component>
      <object_component id="oc-c6">
         <name>.debug_pubnames</name>
         <load_address>0xa0f</load_address>
         <run_address>0xa0f</run_address>
         <size>0x3a</size>
         <input_file_ref idref="fl-23"/>
      </object_component>
      <object_component id="oc-ca">
         <name>.debug_pubnames</name>
         <load_address>0xa49</load_address>
         <run_address>0xa49</run_address>
         <size>0x23</size>
         <input_file_ref idref="fl-24"/>
      </object_component>
      <object_component id="oc-cf">
         <name>.debug_pubnames</name>
         <load_address>0xa6c</load_address>
         <run_address>0xa6c</run_address>
         <size>0x39</size>
         <input_file_ref idref="fl-25"/>
      </object_component>
      <object_component id="oc-d3">
         <name>.debug_pubnames</name>
         <load_address>0xaa5</load_address>
         <run_address>0xaa5</run_address>
         <size>0x43</size>
         <input_file_ref idref="fl-26"/>
      </object_component>
      <object_component id="oc-d8">
         <name>.debug_pubnames</name>
         <load_address>0xae8</load_address>
         <run_address>0xae8</run_address>
         <size>0x28</size>
         <input_file_ref idref="fl-26"/>
      </object_component>
      <object_component id="oc-dc">
         <name>.debug_pubnames</name>
         <load_address>0xb10</load_address>
         <run_address>0xb10</run_address>
         <size>0x21</size>
         <input_file_ref idref="fl-27"/>
      </object_component>
      <object_component id="oc-e2">
         <name>.debug_pubnames</name>
         <load_address>0xb31</load_address>
         <run_address>0xb31</run_address>
         <size>0x90</size>
         <input_file_ref idref="fl-28"/>
      </object_component>
      <object_component id="oc-e8">
         <name>.debug_pubnames</name>
         <load_address>0xbc1</load_address>
         <run_address>0xbc1</run_address>
         <size>0x71</size>
         <input_file_ref idref="fl-29"/>
      </object_component>
      <object_component id="oc-ef">
         <name>.debug_pubnames</name>
         <load_address>0xc32</load_address>
         <run_address>0xc32</run_address>
         <size>0x779</size>
         <input_file_ref idref="fl-2a"/>
      </object_component>
      <object_component id="oc-123">
         <name>.debug_pubnames</name>
         <load_address>0x13ab</load_address>
         <run_address>0x13ab</run_address>
         <size>0x22</size>
         <input_file_ref idref="fl-1d"/>
      </object_component>
      <object_component id="oc-1d1">
         <name>.debug_pubnames</name>
         <load_address>0x13cd</load_address>
         <run_address>0x13cd</run_address>
         <size>0x32</size>
      </object_component>
      <object_component id="oc-32">
         <name>.debug_frame</name>
         <load_address>0x0</load_address>
         <run_address>0x0</run_address>
         <size>0xaf</size>
         <input_file_ref idref="fl-12"/>
      </object_component>
      <object_component id="oc-38">
         <name>.debug_frame</name>
         <load_address>0xaf</load_address>
         <run_address>0xaf</run_address>
         <size>0xaf</size>
         <input_file_ref idref="fl-14"/>
      </object_component>
      <object_component id="oc-3e">
         <name>.debug_frame</name>
         <load_address>0x15e</load_address>
         <run_address>0x15e</run_address>
         <size>0xaf</size>
         <input_file_ref idref="fl-13"/>
      </object_component>
      <object_component id="oc-50">
         <name>.debug_frame</name>
         <load_address>0x20d</load_address>
         <run_address>0x20d</run_address>
         <size>0x12d</size>
         <input_file_ref idref="fl-8"/>
      </object_component>
      <object_component id="oc-56">
         <name>.debug_frame</name>
         <load_address>0x33a</load_address>
         <run_address>0x33a</run_address>
         <size>0x16d</size>
         <input_file_ref idref="fl-9"/>
      </object_component>
      <object_component id="oc-5d">
         <name>.debug_frame</name>
         <load_address>0x4a7</load_address>
         <run_address>0x4a7</run_address>
         <size>0xb6</size>
         <input_file_ref idref="fl-13"/>
      </object_component>
      <object_component id="oc-63">
         <name>.debug_frame</name>
         <load_address>0x55d</load_address>
         <run_address>0x55d</run_address>
         <size>0xaf</size>
         <input_file_ref idref="fl-13"/>
      </object_component>
      <object_component id="oc-72">
         <name>.debug_frame</name>
         <load_address>0x60c</load_address>
         <run_address>0x60c</run_address>
         <size>0xd2</size>
         <input_file_ref idref="fl-18"/>
      </object_component>
      <object_component id="oc-8b">
         <name>.debug_frame</name>
         <load_address>0x6de</load_address>
         <run_address>0x6de</run_address>
         <size>0x320</size>
         <input_file_ref idref="fl-1b"/>
      </object_component>
      <object_component id="oc-94">
         <name>.debug_frame</name>
         <load_address>0x9fe</load_address>
         <run_address>0x9fe</run_address>
         <size>0x115</size>
         <input_file_ref idref="fl-1c"/>
      </object_component>
      <object_component id="oc-98">
         <name>.debug_frame</name>
         <load_address>0xb13</load_address>
         <run_address>0xb13</run_address>
         <size>0x128</size>
         <input_file_ref idref="fl-1d"/>
      </object_component>
      <object_component id="oc-9e">
         <name>.debug_frame</name>
         <load_address>0xc3b</load_address>
         <run_address>0xc3b</run_address>
         <size>0x1c8</size>
         <input_file_ref idref="fl-1e"/>
      </object_component>
      <object_component id="oc-ab">
         <name>.debug_frame</name>
         <load_address>0xe03</load_address>
         <run_address>0xe03</run_address>
         <size>0xd0</size>
         <input_file_ref idref="fl-1f"/>
      </object_component>
      <object_component id="oc-bd">
         <name>.debug_frame</name>
         <load_address>0xed3</load_address>
         <run_address>0xed3</run_address>
         <size>0xba</size>
         <input_file_ref idref="fl-22"/>
      </object_component>
      <object_component id="oc-bf">
         <name>.debug_frame</name>
         <load_address>0xf8d</load_address>
         <run_address>0xf8d</run_address>
         <size>0xdf</size>
         <input_file_ref idref="fl-23"/>
      </object_component>
      <object_component id="oc-d5">
         <name>.debug_frame</name>
         <load_address>0x106c</load_address>
         <run_address>0x106c</run_address>
         <size>0xd1</size>
         <input_file_ref idref="fl-26"/>
      </object_component>
      <object_component id="oc-de">
         <name>.debug_frame</name>
         <load_address>0x113d</load_address>
         <run_address>0x113d</run_address>
         <size>0xaf</size>
         <input_file_ref idref="fl-27"/>
      </object_component>
      <object_component id="oc-e4">
         <name>.debug_frame</name>
         <load_address>0x11ec</load_address>
         <run_address>0x11ec</run_address>
         <size>0xca</size>
         <input_file_ref idref="fl-28"/>
      </object_component>
      <object_component id="oc-ea">
         <name>.debug_frame</name>
         <load_address>0x12b6</load_address>
         <run_address>0x12b6</run_address>
         <size>0x79</size>
         <input_file_ref idref="fl-29"/>
      </object_component>
      <object_component id="oc-ec">
         <name>.debug_frame</name>
         <load_address>0x132f</load_address>
         <run_address>0x132f</run_address>
         <size>0x76c</size>
         <input_file_ref idref="fl-2a"/>
      </object_component>
      <object_component id="oc-f1">
         <name>.debug_abbrev</name>
         <load_address>0x0</load_address>
         <run_address>0x0</run_address>
         <size>0x42</size>
         <input_file_ref idref="fl-17"/>
      </object_component>
      <object_component id="oc-f2">
         <name>.debug_abbrev</name>
         <load_address>0x42</load_address>
         <run_address>0x42</run_address>
         <size>0x74</size>
         <input_file_ref idref="fl-12"/>
      </object_component>
      <object_component id="oc-f5">
         <name>.debug_abbrev</name>
         <load_address>0xb6</load_address>
         <run_address>0xb6</run_address>
         <size>0x24</size>
         <input_file_ref idref="fl-12"/>
      </object_component>
      <object_component id="oc-f9">
         <name>.debug_abbrev</name>
[...]
      </symbol>
      <symbol id="sm-459">
         <name>UARTPrintf</name>
         <value>0x800032cc</value>
         <object_component_ref idref="oc-9c"/>
      </symbol>
      <symbol id="sm-45a">
         <name>UARTStdioInit</name>
         <value>0x80001e88</value>
         <object_component_ref idref="oc-9c"/>
      </symbol>
      <symbol id="sm-45b">
         <name>UARTGetHexNum</name>
         <value>0x800022d4</value>
         <object_component_ref idref="oc-9c"/>
      </symbol>
      <symbol id="sm-45c">
         <name>UARTPutHexNum</name>
         <value>0x800020f4</value>
         <object_component_ref idref="oc-9c"/>
      </symbol>
      <symbol id="sm-45d">
         <name>UARTGetNum</name>
         <value>0x80002220</value>
         <object_component_ref idref="oc-9c"/>
      </symbol>
      <symbol id="sm-45e">
         <name>UARTPutNum</name>
         <value>0x80001ff8</value>
         <object_component_ref idref="oc-9c"/>
      </symbol>
      <symbol id="sm-45f">
         <name>UARTwrite</name>
         <value>0x8000254c</value>
         <object_component_ref idref="oc-9c"/>
      </symbol>
      <symbol id="sm-460">
         <name>UARTGetc</name>
         <value>0x80002540</value>
         <object_component_ref idref="oc-9c"/>
      </symbol>
      <symbol id="sm-461">
         <name>UARTGets</name>
         <value>0x80001f4c</value>
         <object_component_ref idref="oc-9c"/>
      </symbol>
      <symbol id="sm-462">
         <name>UARTprintf</name>
         <value>0x800025c0</value>
         <object_component_ref idref="oc-9c"/>
      </symbol>
      <symbol id="sm-463">
         <name>UARTPutc</name>
         <value>0x8000252c</value>
         <object_component_ref idref="oc-9c"/>
      </symbol>
      <symbol id="sm-464">
         <name>UARTPuts</name>
         <value>0x80001e94</value>
         <object_component_ref idref="oc-9c"/>
      </symbol>
      <symbol id="sm-497">
         <name>StrToEthrAddr</name>
         <value>0x8000468c</value>
         <object_component_ref idref="oc-a6"/>
      </symbol>
      <symbol id="sm-498">
         <name>EthrAddrToStr</name>
         <value>0x800047a0</value>
         <object_component_ref idref="oc-a6"/>
      </symbol>
      <symbol id="sm-499">
         <name>TimeToStr</name>
         <value>0x800048c4</value>
         <object_component_ref idref="oc-a6"/>
      </symbol>
      <symbol id="sm-49a">
         <name>ASCIIToDigit</name>
         <value>0x8000451c</value>
         <object_component_ref idref="oc-a6"/>
      </symbol>
      <symbol id="sm-49b">
         <name>DigitToASCII</name>
         <value>0x800045f0</value>
         <object_component_ref idref="oc-a6"/>
      </symbol>
      <symbol id="sm-49c">
         <name>DateToStr</name>
         <value>0x80004a0c</value>
         <object_component_ref idref="oc-a6"/>
      </symbol>
      <symbol id="sm-4b7">
         <name>__TI_auto_init</name>
         <value>0x8000607c</value>
         <object_component_ref idref="oc-ac"/>
      </symbol>
      <symbol id="sm-4ca">
         <name>_c_int00</name>
         <value>0x80006414</value>
         <object_component_ref idref="oc-b1"/>
      </symbol>
      <symbol id="sm-4cb">
         <name>__stack</name>
         <value>0x87fff000</value>
         <object_component_ref idref="oc-b6"/>
      </symbol>
      <symbol id="sm-4cc">
         <name>_stkchk_called</name>
         <value>0x800127d0</value>
         <object_component_ref idref="oc-b7"/>
      </symbol>
      <symbol id="sm-4e5">
         <name>copy_in</name>
         <value>0x8000631c</value>
         <object_component_ref idref="oc-b8"/>
      </symbol>
      <symbol id="sm-505">
         <name>C$$EXIT</name>
         <value>0x8000639c</value>
         <object_component_ref idref="oc-be"/>
      </symbol>
      <symbol id="sm-506">
         <name>abort</name>
         <value>0x800063a4</value>
         <object_component_ref idref="oc-be"/>
      </symbol>
      <symbol id="sm-507">
         <name>exit</name>
         <value>0x800063b0</value>
         <object_component_ref idref="oc-be"/>
      </symbol>
      <symbol id="sm-508">
         <name>__TI_dtors_ptr</name>
         <value>0x800127cc</value>
         <object_component_ref idref="oc-c4"/>
      </symbol>
      <symbol id="sm-509">
         <name>__TI_cleanup_ptr</name>
         <value>0x800127c8</value>
         <object_component_ref idref="oc-c4"/>
      </symbol>
      <symbol id="sm-512">
         <name>main_func_sp</name>
         <value>0x800127d4</value>
         <object_component_ref idref="oc-c8"/>
      </symbol>
      <symbol id="sm-525">
         <name>__aeabi_uidivmod</name>
         <value>0x80005f88</value>
         <object_component_ref idref="oc-cb"/>
      </symbol>
      <symbol id="sm-53f">
         <name>_nop</name>
         <value>0x800064ec</value>
         <object_component_ref idref="oc-d0"/>
      </symbol>
      <symbol id="sm-540">
         <name>_lock</name>
         <value>0x800127c0</value>
         <object_component_ref idref="oc-d6"/>
      </symbol>
      <symbol id="sm-541">
         <name>_unlock</name>
         <value>0x800127c4</value>
         <object_component_ref idref="oc-d6"/>
      </symbol>
      <symbol id="sm-542">
         <name>_register_lock</name>
         <value>0x800064e0</value>
         <object_component_ref idref="oc-d0"/>
      </symbol>
      <symbol id="sm-543">
         <name>_register_unlock</name>
         <value>0x800064d4</value>
         <object_component_ref idref="oc-d0"/>
      </symbol>
      <symbol id="sm-557">
         <name>_args_main</name>
         <value>0x80006518</value>
         <object_component_ref idref="oc-d9"/>
      </symbol>
      <symbol id="sm-56e">
         <name>UARTConsoleGetc</name>
         <value>0x80005e58</value>
         <object_component_ref idref="oc-df"/>
      </symbol>
      <symbol id="sm-56f">
         <name>UARTConsolePutc</name>
         <value>0x80005e40</value>
         <object_component_ref idref="oc-df"/>
      </symbol>
      <symbol id="sm-570">
         <name>UARTConsoleInit</name>
         <value>0x80005e1c</value>
         <object_component_ref idref="oc-df"/>
      </symbol>
      <symbol id="sm-5a8">
         <name>UART2ModuleClkConfig</name>
         <value>0x80005634</value>
         <object_component_ref idref="oc-e5"/>
      </symbol>
      <symbol id="sm-5a9">
         <name>UART0ModuleClkConfig</name>
         <value>0x800053f4</value>
         <object_component_ref idref="oc-e5"/>
      </symbol>
      <symbol id="sm-5aa">
         <name>UART1ModuleClkConfig</name>
         <value>0x800055fc</value>
         <object_component_ref idref="oc-e5"/>
      </symbol>
      <symbol id="sm-5ab">
         <name>UARTPinMuxSetup</name>
         <value>0x800053c0</value>
         <object_component_ref idref="oc-e5"/>
      </symbol>
      <symbol id="sm-624">
         <name>UARTAutobaudWordLenGet</name>
         <value>0x80001c48</value>
         <object_component_ref idref="oc-eb"/>
      </symbol>
      <symbol id="sm-625">
         <name>UARTDivisorLatchDisable</name>
         <value>0x800003a0</value>
         <object_component_ref idref="oc-eb"/>
      </symbol>
      <symbol id="sm-626">
         <name>UARTCharPutNonBlocking</name>
         <value>0x800010d8</value>
         <object_component_ref idref="oc-eb"/>
      </symbol>
      <symbol id="sm-627">
         <name>UARTDMAEnable</name>
         <value>0x8000093c</value>
         <object_component_ref idref="oc-eb"/>
      </symbol>
      <symbol id="sm-628">
         <name>UARTXON1XOFF1ValProgram</name>
         <value>0x800017a8</value>
         <object_component_ref idref="oc-eb"/>
      </symbol>
      <symbol id="sm-629">
         <name>UARTScratchPadRegWrite</name>
         <value>0x80001ce0</value>
         <object_component_ref idref="oc-eb"/>
      </symbol>
      <symbol id="sm-62a">
         <name>UARTPulseShapingControl</name>
         <value>0x80001614</value>
         <object_component_ref idref="oc-eb"/>
      </symbol>
      <symbol id="sm-62b">
         <name>UARTSubConfigXOFFModeEn</name>
         <value>0x80000cd0</value>
         <object_component_ref idref="oc-eb"/>
      </symbol>
      <symbol id="sm-62c">
         <name>UARTModemStatusChangeCheck</name>
         <value>0x8000198c</value>
         <object_component_ref idref="oc-eb"/>
      </symbol>
      <symbol id="sm-62d">
         <name>UARTFIFOTrigLvlGranControl</name>
         <value>0x80001a20</value>
         <object_component_ref idref="oc-eb"/>
      </symbol>
      <symbol id="sm-62e">
         <name>UARTDivisorValCompute</name>
         <value>0x80000134</value>
         <object_component_ref idref="oc-eb"/>
      </symbol>
      <symbol id="sm-62f">
         <name>UARTIntPendingStatusGet</name>
         <value>0x80001418</value>
         <object_component_ref idref="oc-eb"/>
      </symbol>
      <symbol id="sm-630">
         <name>UARTModuleReset</name>
         <value>0x80001658</value>
         <object_component_ref idref="oc-eb"/>
      </symbol>
      <symbol id="sm-631">
         <name>UARTAutobaudParityGet</name>
         <value>0x80001bfc</value>
         <object_component_ref idref="oc-eb"/>
      </symbol>
      <symbol id="sm-632">
         <name>UARTTCRTLRBitValRestore</name>
         <value>0x80000da8</value>
         <object_component_ref idref="oc-eb"/>
      </symbol>
      <symbol id="sm-633">
         <name>UARTIntIdentityGet</name>
         <value>0x800013cc</value>
         <object_component_ref idref="oc-eb"/>
      </symbol>
      <symbol id="sm-634">
         <name>UARTCharGetTimeout</name>
         <value>0x800011f4</value>
         <object_component_ref idref="oc-eb"/>
      </symbol>
      <symbol id="sm-635">
         <name>UARTEnhanFuncBitValRestore</name>
         <value>0x80000abc</value>
         <object_component_ref idref="oc-eb"/>
      </symbol>
      <symbol id="sm-636">
         <name>UARTModemControlSet</name>
         <value>0x80001910</value>
         <object_component_ref idref="oc-eb"/>
      </symbol>
      <symbol id="sm-637">
         <name>UARTSubConfigTCRTLRModeEn</name>
         <value>0x80000bf8</value>
         <object_component_ref idref="oc-eb"/>
      </symbol>
      <symbol id="sm-638">
         <name>UARTLoopbackModeControl</name>
         <value>0x800018cc</value>
         <object_component_ref idref="oc-eb"/>
      </symbol>
      <symbol id="sm-639">
         <name>UARTIdleModeConfigure</name>
         <value>0x8000168c</value>
         <object_component_ref idref="oc-eb"/>
      </symbol>
      <symbol id="sm-63a">
         <name>UARTDivisorLatchEnable</name>
         <value>0x8000037c</value>
         <object_component_ref idref="oc-eb"/>
      </symbol>
      <symbol id="sm-63b">
         <name>UARTFIFOCharGet</name>
         <value>0x800012f8</value>
         <object_component_ref idref="oc-eb"/>
      </symbol>
      <symbol id="sm-63c">
         <name>UARTFIFOWrite</name>
         <value>0x80001314</value>
         <object_component_ref idref="oc-eb"/>
      </symbol>
      <symbol id="sm-63d">
         <name>UARTWakeUpEventsEnable</name>
         <value>0x800019c0</value>
         <object_component_ref idref="oc-eb"/>
      </symbol>
      <symbol id="sm-63e">
         <name>UARTSpecialCharDetectControl</name>
         <value>0x8000154c</value>
         <object_component_ref idref="oc-eb"/>
      </symbol>
      <symbol id="sm-63f">
         <name>UARTDivisorLatchWrite</name>
         <value>0x800001f8</value>
         <object_component_ref idref="oc-eb"/>
      </symbol>
      <symbol id="sm-640">
         <name>UARTWakeUpEventsDisable</name>
         <value>0x800019f0</value>
         <object_component_ref idref="oc-eb"/>
      </symbol>
      <symbol id="sm-641">
         <name>UARTScratchPadRegRead</name>
         <value>0x80001d24</value>
         <object_component_ref idref="oc-eb"/>
      </symbol>
      <symbol id="sm-642">
         <name>UARTModuleVersionNumberGet</name>
         <value>0x80001d40</value>
         <object_component_ref idref="oc-eb"/>
      </symbol>
      <symbol id="sm-643">
         <name>UARTRXCTSDSRWakeUpConfigure</name>
         <value>0x80001b0c</value>
         <object_component_ref idref="oc-eb"/>
      </symbol>
      <symbol id="sm-644">
         <name>UARTEnhanFuncEnable</name>
         <value>0x80000a5c</value>
         <object_component_ref idref="oc-eb"/>
      </symbol>
      <symbol id="sm-645">
         <name>UARTTxFIFOLevelGet</name>
         <value>0x80001bcc</value>
         <object_component_ref idref="oc-eb"/>
      </symbol>
      <symbol id="sm-646">
         <name>UARTOperatingModeSelect</name>
         <value>0x800000d4</value>
         <object_component_ref idref="oc-eb"/>
      </symbol>
      <symbol id="sm-647">
         <name>UARTXON2XOFF2ValProgram</name>
         <value>0x800017d8</value>
         <object_component_ref idref="oc-eb"/>
      </symbol>
      <symbol id="sm-648">
         <name>UARTLineCharacConfig</name>
         <value>0x800004a0</value>
         <object_component_ref idref="oc-eb"/>
      </symbol>
      <symbol id="sm-649">
         <name>UARTIntEnable</name>
         <value>0x80000e84</value>
         <object_component_ref idref="oc-eb"/>
      </symbol>
      <symbol id="sm-64a">
         <name>UARTCharsAvail</name>
         <value>0x80001084</value>
         <object_component_ref idref="oc-eb"/>
      </symbol>
      <symbol id="sm-64b">
         <name>UARTRxFIFOLevelGet</name>
         <value>0x80001be4</value>
         <object_component_ref idref="oc-eb"/>
      </symbol>
      <symbol id="sm-64c">
         <name>UARTFlowCtrlTrigLvlConfig</name>
         <value>0x80001758</value>
         <object_component_ref idref="oc-eb"/>
      </symbol>
      <symbol id="sm-64d">
         <name>UARTCharGetNonBlocking</name>
         <value>0x80001144</value>
         <object_component_ref idref="oc-eb"/>
      </symbol>
      <symbol id="sm-64e">
         <name>UARTDMACounterResetControl</name>
         <value>0x80001b6c</value>
         <object_component_ref idref="oc-eb"/>
      </symbol>
      <symbol id="sm-64f">
         <name>UARTModemStatusGet</name>
         <value>0x80001970</value>
         <object_component_ref idref="oc-eb"/>
      </symbol>
      <symbol id="sm-650">
         <name>UARTAutoRTSAutoCTSControl</name>
         <value>0x800014c0</value>
         <object_component_ref idref="oc-eb"/>
      </symbol>
      <symbol id="sm-651">
         <name>UARTFIFORegisterWrite</name>
         <value>0x800009d0</value>
         <object_component_ref idref="oc-eb"/>
      </symbol>
      <symbol id="sm-652">
         <name>UARTDSRInterruptControl</name>
         <value>0x80001a84</value>
         <object_component_ref idref="oc-eb"/>
      </symbol>
      <symbol id="sm-653">
         <name>UARTIntDisable</name>
         <value>0x80000f68</value>
         <object_component_ref idref="oc-eb"/>
      </symbol>
      <symbol id="sm-654">
         <name>UARTCharPut</name>
         <value>0x80001284</value>
         <object_component_ref idref="oc-eb"/>
      </symbol>
      <symbol id="sm-655">
         <name>UARTTxDMAThresholdControl</name>
         <value>0x80001d5c</value>
         <object_component_ref idref="oc-eb"/>
      </symbol>
      <symbol id="sm-656">
         <name>UARTParityModeSet</name>
         <value>0x80000518</value>
         <object_component_ref idref="oc-eb"/>
      </symbol>
      <symbol id="sm-657">
         <name>UARTAutoIdleModeControl</name>
         <value>0x80001714</value>
         <object_component_ref idref="oc-eb"/>
      </symbol>
      <symbol id="sm-658">
         <name>UARTRxErrorGet</name>
         <value>0x80001380</value>
         <object_component_ref idref="oc-eb"/>
      </symbol>
      <symbol id="sm-659">
         <name>UARTFIFOEnableStatusGet</name>
         <value>0x8000146c</value>
         <object_component_ref idref="oc-eb"/>
      </symbol>
      <symbol id="sm-65a">
         <name>UARTXONAnyFeatureControl</name>
         <value>0x80001808</value>
         <object_component_ref idref="oc-eb"/>
      </symbol>
      <symbol id="sm-65b">
         <name>UARTFIFOCharPut</name>
         <value>0x800012d8</value>
         <object_component_ref idref="oc-eb"/>
      </symbol>
      <symbol id="sm-65c">
         <name>UARTSubConfigMSRSPRModeEn</name>
         <value>0x80000b20</value>
         <object_component_ref idref="oc-eb"/>
      </symbol>
      <symbol id="sm-65d">
         <name>UARTDMADisable</name>
         <value>0x80000998</value>
         <object_component_ref idref="oc-eb"/>
      </symbol>
      <symbol id="sm-65e">
         <name>UARTTxFIFOFullStatusGet</name>
         <value>0x80001bb0</value>
         <object_component_ref idref="oc-eb"/>
      </symbol>
      <symbol id="sm-65f">
         <name>UARTFIFOConfig</name>
         <value>0x80000578</value>
         <object_component_ref idref="oc-eb"/>
      </symbol>
      <symbol id="sm-660">
         <name>UARTTxDMAThresholdValConfig</name>
         <value>0x80001da0</value>
         <object_component_ref idref="oc-eb"/>
      </symbol>
      <symbol id="sm-661">
         <name>UARTWakeUpControl</name>
         <value>0x800016d0</value>
         <object_component_ref idref="oc-eb"/>
      </symbol>
      <symbol id="sm-662">
         <name>UARTResumeOperation</name>
         <value>0x800019a8</value>
         <object_component_ref idref="oc-eb"/>
      </symbol>
      <symbol id="sm-663">
         <name>UARTRegConfModeRestore</name>
         <value>0x8000043c</value>
         <object_component_ref idref="oc-eb"/>
      </symbol>
      <symbol id="sm-664">
         <name>UARTSpaceAvail</name>
         <value>0x80001030</value>
         <object_component_ref idref="oc-eb"/>
      </symbol>
      <symbol id="sm-665">
         <name>UARTAutobaudSpeedGet</name>
         <value>0x80001c94</value>
         <object_component_ref idref="oc-eb"/>
      </symbol>
      <symbol id="sm-666">
         <name>UARTCharGet</name>
         <value>0x8000119c</value>
         <object_component_ref idref="oc-eb"/>
      </symbol>
      <symbol id="sm-667">
         <name>UARTSoftwareFlowCtrlOptSet</name>
         <value>0x800015b0</value>
         <object_component_ref idref="oc-eb"/>
      </symbol>
      <symbol id="sm-668">
         <name>UARTModemControlClear</name>
         <value>0x80001940</value>
         <object_component_ref idref="oc-eb"/>
      </symbol>
      <symbol id="sm-669">
         <name>UARTRegConfigModeEnable</name>
         <value>0x800003c4</value>
         <object_component_ref idref="oc-eb"/>
      </symbol>
      <symbol id="sm-66a">
         <name>UARTRXCTSDSRTransitionStatusGet</name>
         <value>0x80001b50</value>
         <object_component_ref idref="oc-eb"/>
      </symbol>
      <symbol id="sm-66b">
         <name>UARTTxEmptyIntControl</name>
         <value>0x80001ac8</value>
         <object_component_ref idref="oc-eb"/>
      </symbol>
      <symbol id="sm-66c">
         <name>UARTParityModeGet</name>
         <value>0x8000055c</value>
         <object_component_ref idref="oc-eb"/>
      </symbol>
      <symbol id="sm-66d">
         <name>UARTBreakCtl</name>
         <value>0x8000045c</value>
         <object_component_ref idref="oc-eb"/>
      </symbol>
      <symbol id="sm-66e">
         <name>__TI_static_base__</name>
         <value>0x800127d8</value>
      </symbol>
      <symbol id="sm-66f">
         <name>.TI.load_image</name>
         <value>0x200401</value>
      </symbol>
      <symbol id="sm-670">
         <name>SHT$$INIT_ARRAY$$Limit</name>
         <value>0x0</value>
      </symbol>
      <symbol id="sm-671">
         <name>SHT$$INIT_ARRAY$$Base</name>
         <value>0x0</value>
      </symbol>
      <symbol id="sm-672">
         <name>__TI_args_main</name>
         <value>0x1</value>
      </symbol>
   </symbol_table>
   <title>Link successful</title>
</link_info>
